Archive member included to satisfy reference by file (symbol)

/usr/lib/gcc/arm-none-eabi/9.2.1/thumb/v6-m/nofp/libgcc.a(_dvmd_tls.o)
                              CMakeFiles/Picopeater.dir/home/radu/Desktop/Picopeater/pico-sdk/src/rp2_common/pico_divider/divider.S.obj (__aeabi_idiv0)
/usr/lib/gcc/arm-none-eabi/9.2.1/../../../arm-none-eabi/lib/thumb/v6-m/nofp/libg.a(lib_a-atexit.o)
                              /usr/lib/gcc/arm-none-eabi/9.2.1/../../../arm-none-eabi/lib/thumb/v6-m/nofp/crt0.o (atexit)
/usr/lib/gcc/arm-none-eabi/9.2.1/../../../arm-none-eabi/lib/thumb/v6-m/nofp/libg.a(lib_a-calloc.o)
                              CMakeFiles/Picopeater.dir/home/radu/Desktop/Picopeater/pico-sdk/src/rp2_common/pico_malloc/pico_malloc.c.obj (calloc)
/usr/lib/gcc/arm-none-eabi/9.2.1/../../../arm-none-eabi/lib/thumb/v6-m/nofp/libg.a(lib_a-callocr.o)
                              /usr/lib/gcc/arm-none-eabi/9.2.1/../../../arm-none-eabi/lib/thumb/v6-m/nofp/libg.a(lib_a-calloc.o) (_calloc_r)
/usr/lib/gcc/arm-none-eabi/9.2.1/../../../arm-none-eabi/lib/thumb/v6-m/nofp/libg.a(lib_a-fini.o)
                              /usr/lib/gcc/arm-none-eabi/9.2.1/../../../arm-none-eabi/lib/thumb/v6-m/nofp/crt0.o (__libc_fini_array)
/usr/lib/gcc/arm-none-eabi/9.2.1/../../../arm-none-eabi/lib/thumb/v6-m/nofp/libg.a(lib_a-impure.o)
                              /usr/lib/gcc/arm-none-eabi/9.2.1/../../../arm-none-eabi/lib/thumb/v6-m/nofp/libg.a(lib_a-calloc.o) (_impure_ptr)
/usr/lib/gcc/arm-none-eabi/9.2.1/../../../arm-none-eabi/lib/thumb/v6-m/nofp/libg.a(lib_a-init.o)
                              /usr/lib/gcc/arm-none-eabi/9.2.1/../../../arm-none-eabi/lib/thumb/v6-m/nofp/crt0.o (__libc_init_array)
/usr/lib/gcc/arm-none-eabi/9.2.1/../../../arm-none-eabi/lib/thumb/v6-m/nofp/libg.a(lib_a-malloc.o)
                              CMakeFiles/Picopeater.dir/home/radu/Desktop/Picopeater/pico-sdk/src/rp2_common/pico_malloc/pico_malloc.c.obj (malloc)
/usr/lib/gcc/arm-none-eabi/9.2.1/../../../arm-none-eabi/lib/thumb/v6-m/nofp/libg.a(lib_a-mallocr.o)
                              /usr/lib/gcc/arm-none-eabi/9.2.1/../../../arm-none-eabi/lib/thumb/v6-m/nofp/libg.a(lib_a-callocr.o) (_malloc_r)
/usr/lib/gcc/arm-none-eabi/9.2.1/../../../arm-none-eabi/lib/thumb/v6-m/nofp/libg.a(lib_a-mlock.o)
                              /usr/lib/gcc/arm-none-eabi/9.2.1/../../../arm-none-eabi/lib/thumb/v6-m/nofp/libg.a(lib_a-mallocr.o) (__malloc_lock)
/usr/lib/gcc/arm-none-eabi/9.2.1/../../../arm-none-eabi/lib/thumb/v6-m/nofp/libg.a(lib_a-realloc.o)
                              CMakeFiles/Picopeater.dir/home/radu/Desktop/Picopeater/pico-sdk/src/rp2_common/pico_malloc/pico_malloc.c.obj (realloc)
/usr/lib/gcc/arm-none-eabi/9.2.1/../../../arm-none-eabi/lib/thumb/v6-m/nofp/libg.a(lib_a-reallocr.o)
                              /usr/lib/gcc/arm-none-eabi/9.2.1/../../../arm-none-eabi/lib/thumb/v6-m/nofp/libg.a(lib_a-realloc.o) (_realloc_r)
/usr/lib/gcc/arm-none-eabi/9.2.1/../../../arm-none-eabi/lib/thumb/v6-m/nofp/libg.a(lib_a-sbrkr.o)
                              /usr/lib/gcc/arm-none-eabi/9.2.1/../../../arm-none-eabi/lib/thumb/v6-m/nofp/libg.a(lib_a-mallocr.o) (_sbrk_r)
/usr/lib/gcc/arm-none-eabi/9.2.1/../../../arm-none-eabi/lib/thumb/v6-m/nofp/libg.a(lib_a-strlen-stub.o)
                              CMakeFiles/Picopeater.dir/home/radu/Desktop/Picopeater/pico-sdk/src/rp2_common/pico_stdio/stdio.c.obj (strlen)
/usr/lib/gcc/arm-none-eabi/9.2.1/../../../arm-none-eabi/lib/thumb/v6-m/nofp/libg.a(lib_a-__atexit.o)
                              /usr/lib/gcc/arm-none-eabi/9.2.1/../../../arm-none-eabi/lib/thumb/v6-m/nofp/libg.a(lib_a-atexit.o) (__register_exitproc)
/usr/lib/gcc/arm-none-eabi/9.2.1/../../../arm-none-eabi/lib/thumb/v6-m/nofp/libg.a(lib_a-freer.o)
                              /usr/lib/gcc/arm-none-eabi/9.2.1/../../../arm-none-eabi/lib/thumb/v6-m/nofp/libg.a(lib_a-malloc.o) (_free_r)
/usr/lib/gcc/arm-none-eabi/9.2.1/../../../arm-none-eabi/lib/thumb/v6-m/nofp/libg.a(lib_a-memmove.o)
                              /usr/lib/gcc/arm-none-eabi/9.2.1/../../../arm-none-eabi/lib/thumb/v6-m/nofp/libg.a(lib_a-reallocr.o) (memmove)
/usr/lib/gcc/arm-none-eabi/9.2.1/../../../arm-none-eabi/lib/thumb/v6-m/nofp/libg.a(lib_a-reent.o)
                              /usr/lib/gcc/arm-none-eabi/9.2.1/../../../arm-none-eabi/lib/thumb/v6-m/nofp/libg.a(lib_a-sbrkr.o) (errno)

Allocating common symbols
Common symbol       size              file

sf_table            0x100             CMakeFiles/Picopeater.dir/home/radu/Desktop/Picopeater/pico-sdk/src/rp2_common/pico_float/float_init_rom.c.obj
errno               0x4               /usr/lib/gcc/arm-none-eabi/9.2.1/../../../arm-none-eabi/lib/thumb/v6-m/nofp/libg.a(lib_a-reent.o)
sd_table            0x100             CMakeFiles/Picopeater.dir/home/radu/Desktop/Picopeater/pico-sdk/src/rp2_common/pico_double/double_init_rom.c.obj
uart_char_to_line_feed
[...]
Memory Configuration

Name             Origin             Length             Attributes
FLASH            0x0000000010000000 0x0000000000200000 xr
RAM              0x0000000020000000 0x0000000000040000 xrw
SCRATCH_X        0x0000000020040000 0x0000000000001000 xrw
SCRATCH_Y        0x0000000020041000 0x0000000000001000 xrw
*default*        0x0000000000000000 0xffffffffffffffff

Linker script and memory map

LOAD /usr/lib/gcc/arm-none-eabi/9.2.1/thumb/v6-m/nofp/crti.o
LOAD /usr/lib/gcc/arm-none-eabi/9.2.1/thumb/v6-m/nofp/crtbegin.o
LOAD /usr/lib/gcc/arm-none-eabi/9.2.1/../../../arm-none-eabi/lib/thumb/v6-m/nofp/crt0.o

.flash_begin    0x0000000010000000        0x0
                0x0000000010000000                __flash_binary_start = .

.boot2          0x0000000010000000      0x100
                0x0000000010000000                __boot2_start__ = .
 *(.boot2)
 .boot2         0x0000000010000000      0x100 /tmp/cci6eKKf.o
                0x0000000010000100                __boot2_end__ = .
                0x0000000000000001                ASSERT (((__boot2_end__ - __boot2_start__) == 0x100), ERROR: Pico second stage bootloader must be 256 bytes in size)

.text           0x0000000010000100     0x4608
                0x0000000010000100                __logical_binary_start = .
 *(.vectors)
 .vectors       0x0000000010000100       0xd4 CMakeFiles/Picopeater.dir/home/radu/Desktop/Picopeater/pico-sdk/src/rp2_common/pico_standard_link/crt0.S.obj
                0x0000000010000100                __vectors
                0x0000000010000100                __VECTOR_TABLE
                0x00000000100001c0                isr_invalid
                0x00000000100001c0                __default_isrs_start
                0x00000000100001c2                isr_nmi
                0x00000000100001c4                isr_hardfault
                0x00000000100001c6                isr_svcall
                0x00000000100001c8                isr_pendsv
                0x00000000100001ca                isr_systick
                0x00000000100001cc                isr_irq30
                0x00000000100001cc                __unhandled_user_irq
                0x00000000100001cc                isr_irq13
                0x00000000100001cc                isr_irq27
                0x00000000100001cc                isr_irq31
                0x00000000100001cc                isr_irq5
                0x00000000100001cc                isr_irq11
                0x00000000100001cc                isr_irq23
                0x00000000100001cc                isr_irq18
                0x00000000100001cc                isr_irq28
                0x00000000100001cc                isr_irq19
                0x00000000100001cc                isr_irq0
                0x00000000100001cc                isr_irq6
                0x00000000100001cc                isr_irq22
                0x00000000100001cc                isr_irq17
                0x00000000100001cc                isr_irq14
                0x00000000100001cc                isr_irq2
                0x00000000100001cc                isr_irq10
                0x00000000100001cc                isr_irq8
                0x00000000100001cc                isr_irq24
                0x00000000100001cc                isr_irq1
                0x00000000100001cc                isr_irq7
                0x00000000100001cc                isr_irq21
                0x00000000100001cc                isr_irq20
                0x00000000100001cc                isr_irq15
                0x00000000100001cc                isr_irq25
                0x00000000100001cc                isr_irq4
                0x00000000100001cc                isr_irq16
                0x00000000100001cc                isr_irq29
                0x00000000100001cc                isr_irq26
                0x00000000100001cc                __default_isrs_end
                0x00000000100001cc                isr_irq3
                0x00000000100001cc                isr_irq12
                0x00000000100001cc                isr_irq9
                0x00000000100001d2                unhandled_user_irq_num_in_r0
 *(.binary_info_header)
 .binary_info_header
                0x00000000100001d4       0x14 CMakeFiles/Picopeater.dir/home/radu/Desktop/Picopeater/pico-sdk/src/rp2_common/pico_standard_link/crt0.S.obj
                0x00000000100001e8                __binary_info_header_end = .
 *(.reset)
 .reset         0x00000000100001e8       0xa0 CMakeFiles/Picopeater.dir/home/radu/Desktop/Picopeater/pico-sdk/src/rp2_common/pico_standard_link/crt0.S.obj
                0x00000000100001e8                _entry_point
 .reset         0x0000000010000288       0x30 CMakeFiles/Picopeater.dir/home/radu/Desktop/Picopeater/pico-sdk/src/rp2_common/pico_standard_link/binary_info.c.obj
 *(.init)
 .init          0x00000000100002b8        0x4 /usr/lib/gcc/arm-none-eabi/9.2.1/thumb/v6-m/nofp/crti.o
                0x00000000100002b8                _init
 *(EXCLUDE_FILE(*libm.a: *libc.a:*lib_a-mem*.o *libgcc.a:) .text*)
 .text          0x00000000100002bc       0x98 /usr/lib/gcc/arm-none-eabi/9.2.1/thumb/v6-m/nofp/crtbegin.o
 .text.alarm_pool_add_alarm_in_ms
                0x0000000010000354       0x8c CMakeFiles/Picopeater.dir/Picopeater.c.obj
 .text.alarm_callback
                0x00000000100003e0       0xa0 CMakeFiles/Picopeater.dir/Picopeater.c.obj
                0x00000000100003e0                alarm_callback
 .text.main     0x0000000010000480       0x30 CMakeFiles/Picopeater.dir/Picopeater.c.obj
                0x0000000010000480                main
 .text.gpio_set_function
                0x00000000100004b0       0x30 CMakeFiles/Picopeater.dir/home/radu/Desktop/Picopeater/pico-sdk/src/rp2_common/hardware_gpio/gpio.c.obj
                0x00000000100004b0                gpio_set_function
 .text.gpio_init
                0x00000000100004e0       0x16 CMakeFiles/Picopeater.dir/home/radu/Desktop/Picopeater/pico-sdk/src/rp2_common/hardware_gpio/gpio.c.obj
                0x00000000100004e0                gpio_init
 *fill*         0x00000000100004f6        0x2 
 .text.running_on_fpga
                0x00000000100004f8       0x14 CMakeFiles/Picopeater.dir/home/radu/Desktop/Picopeater/pico-sdk/src/rp2_common/pico_platform/platform.c.obj
                0x00000000100004f8                running_on_fpga
 .text.hw_claim_lock
                0x000000001000050c       0x18 CMakeFiles/Picopeater.dir/home/radu/Desktop/Picopeater/pico-sdk/src/rp2_common/hardware_claim/claim.c.obj
                0x000000001000050c                hw_claim_lock
 .text.hw_claim_unlock
                0x0000000010000524       0x14 CMakeFiles/Picopeater.dir/home/radu/Desktop/Picopeater/pico-sdk/src/rp2_common/hardware_claim/claim.c.obj
                0x0000000010000524                hw_claim_unlock
 .text.hw_claim_or_assert
                0x0000000010000538       0x32 CMakeFiles/Picopeater.dir/home/radu/Desktop/Picopeater/pico-sdk/src/rp2_common/hardware_claim/claim.c.obj
                0x0000000010000538                hw_claim_or_assert
 *fill*         0x000000001000056a        0x2 
 .text.spin_locks_reset
                0x000000001000056c       0x20 CMakeFiles/Picopeater.dir/home/radu/Desktop/Picopeater/pico-sdk/src/rp2_common/hardware_sync/sync.c.obj
                0x000000001000056c                spin_locks_reset
 .text.next_striped_spin_lock_num
                0x000000001000058c       0x1c CMakeFiles/Picopeater.dir/home/radu/Desktop/Picopeater/pico-sdk/src/rp2_common/hardware_sync/sync.c.obj
                0x000000001000058c                next_striped_spin_lock_num
 .text.set_raw_irq_handler_and_unlock
                0x00000000100005a8       0x28 CMakeFiles/Picopeater.dir/home/radu/Desktop/Picopeater/pico-sdk/src/rp2_common/hardware_irq/irq.c.obj
 .text.make_branch
                0x00000000100005d0       0x48 CMakeFiles/Picopeater.dir/home/radu/Desktop/Picopeater/pico-sdk/src/rp2_common/hardware_irq/irq.c.obj
 .text.insert_branch_and_link
                0x0000000010000618       0x40 CMakeFiles/Picopeater.dir/home/radu/Desktop/Picopeater/pico-sdk/src/rp2_common/hardware_irq/irq.c.obj
 .text.irq_is_enabled
                0x0000000010000658       0x18 CMakeFiles/Picopeater.dir/home/radu/Desktop/Picopeater/pico-sdk/src/rp2_common/hardware_irq/irq.c.obj
                0x0000000010000658                irq_is_enabled
 .text.irq_set_mask_enabled
                0x0000000010000670       0x20 CMakeFiles/Picopeater.dir/home/radu/Desktop/Picopeater/pico-sdk/src/rp2_common/hardware_irq/irq.c.obj
                0x0000000010000670                irq_set_mask_enabled
 .text.irq_set_enabled
                0x0000000010000690        0xe CMakeFiles/Picopeater.dir/home/radu/Desktop/Picopeater/pico-sdk/src/rp2_common/hardware_irq/irq.c.obj
                0x0000000010000690                irq_set_enabled
 *fill*         0x000000001000069e        0x2 
 .text.irq_get_vtable_handler
                0x00000000100006a0       0x10 CMakeFiles/Picopeater.dir/home/radu/Desktop/Picopeater/pico-sdk/src/rp2_common/hardware_irq/irq.c.obj
                0x00000000100006a0                irq_get_vtable_handler
 .text.irq_set_exclusive_handler
                0x00000000100006b0       0x54 CMakeFiles/Picopeater.dir/home/radu/Desktop/Picopeater/pico-sdk/src/rp2_common/hardware_irq/irq.c.obj
                0x00000000100006b0                irq_set_exclusive_handler
 .text.irq_remove_handler
                0x0000000010000704      0x1ac CMakeFiles/Picopeater.dir/home/radu/Desktop/Picopeater/pico-sdk/src/rp2_common/hardware_irq/irq.c.obj
                0x0000000010000704                irq_remove_handler
 .text.irq_add_tail_to_free_list
                0x00000000100008b0       0xf0 CMakeFiles/Picopeater.dir/home/radu/Desktop/Picopeater/pico-sdk/src/rp2_common/hardware_irq/irq.c.obj
                0x00000000100008b0                irq_add_tail_to_free_list
 .text.irq_init_priorities
                0x00000000100009a0       0x1c CMakeFiles/Picopeater.dir/home/radu/Desktop/Picopeater/pico-sdk/src/rp2_common/hardware_irq/irq.c.obj
                0x00000000100009a0                irq_init_priorities
 .text.lock_init
                0x00000000100009bc       0x10 CMakeFiles/Picopeater.dir/home/radu/Desktop/Picopeater/pico-sdk/src/common/pico_sync/lock_core.c.obj
                0x00000000100009bc                lock_init
 .text.mutex_init
                0x00000000100009cc       0x1a CMakeFiles/Picopeater.dir/home/radu/Desktop/Picopeater/pico-sdk/src/common/pico_sync/mutex.c.obj
                0x00000000100009cc                mutex_init
 .text.recursive_mutex_init
                0x00000000100009e6       0x1e CMakeFiles/Picopeater.dir/home/radu/Desktop/Picopeater/pico-sdk/src/common/pico_sync/mutex.c.obj
                0x00000000100009e6                recursive_mutex_init
 .text.alarm_pool_post_alloc_init
                0x0000000010000a04       0x40 CMakeFiles/Picopeater.dir/home/radu/Desktop/Picopeater/pico-sdk/src/common/pico_time/time.c.obj
 .text.sleep_until_callback
                0x0000000010000a44       0x30 CMakeFiles/Picopeater.dir/home/radu/Desktop/Picopeater/pico-sdk/src/common/pico_time/time.c.obj
 .text.timer_pool_entry_comparator
                0x0000000010000a74       0x7c CMakeFiles/Picopeater.dir/home/radu/Desktop/Picopeater/pico-sdk/src/common/pico_time/time.c.obj
                0x0000000010000a74                timer_pool_entry_comparator
 .text.ph_add_child_node
                0x0000000010000af0       0xa4 CMakeFiles/Picopeater.dir/home/radu/Desktop/Picopeater/pico-sdk/src/common/pico_time/time.c.obj
 .text.ph_merge_nodes
                0x0000000010000b94       0x3e CMakeFiles/Picopeater.dir/home/radu/Desktop/Picopeater/pico-sdk/src/common/pico_time/time.c.obj
 *fill*         0x0000000010000bd2        0x2 
 .text.add_alarm_under_lock
                0x0000000010000bd4      0x174 CMakeFiles/Picopeater.dir/home/radu/Desktop/Picopeater/pico-sdk/src/common/pico_time/time.c.obj
 .text.alarm_pool_alarm_callback
                0x0000000010000d48      0x33c CMakeFiles/Picopeater.dir/home/radu/Desktop/Picopeater/pico-sdk/src/common/pico_time/time.c.obj
 .text.alarm_pool_init_default
                0x0000000010001084       0x40 CMakeFiles/Picopeater.dir/home/radu/Desktop/Picopeater/pico-sdk/src/common/pico_time/time.c.obj
                0x0000000010001084                alarm_pool_init_default
 .text.alarm_pool_get_default
                0x00000000100010c4       0x2c CMakeFiles/Picopeater.dir/home/radu/Desktop/Picopeater/pico-sdk/src/common/pico_time/time.c.obj
                0x00000000100010c4                alarm_pool_get_default
 .text.alarm_pool_add_alarm_at
                0x00000000100010f0      0x168 CMakeFiles/Picopeater.dir/home/radu/Desktop/Picopeater/pico-sdk/src/common/pico_time/time.c.obj
                0x00000000100010f0                alarm_pool_add_alarm_at
 .text.alarm_pool_cancel_alarm
                0x0000000010001258       0xf8 CMakeFiles/Picopeater.dir/home/radu/Desktop/Picopeater/pico-sdk/src/common/pico_time/time.c.obj
                0x0000000010001258                alarm_pool_cancel_alarm
 .text.best_effort_wfe_or_timeout
                0x0000000010001350       0xac CMakeFiles/Picopeater.dir/home/radu/Desktop/Picopeater/pico-sdk/src/common/pico_time/time.c.obj
                0x0000000010001350                best_effort_wfe_or_timeout
 .text.hardware_alarm_irq_handler
                0x00000000100013fc       0x90 CMakeFiles/Picopeater.dir/home/radu/Desktop/Picopeater/pico-sdk/src/rp2_common/hardware_timer/timer.c.obj
 .text.hardware_alarm_claim
                0x000000001000148c       0x18 CMakeFiles/Picopeater.dir/home/radu/Desktop/Picopeater/pico-sdk/src/rp2_common/hardware_timer/timer.c.obj
                0x000000001000148c                hardware_alarm_claim
 .text.time_us_64
                0x00000000100014a4       0x18 CMakeFiles/Picopeater.dir/home/radu/Desktop/Picopeater/pico-sdk/src/rp2_common/hardware_timer/timer.c.obj
                0x00000000100014a4                time_us_64
 .text.busy_wait_until
                0x00000000100014bc       0x24 CMakeFiles/Picopeater.dir/home/radu/Desktop/Picopeater/pico-sdk/src/rp2_common/hardware_timer/timer.c.obj
                0x00000000100014bc                busy_wait_until
 .text.busy_wait_us
                0x00000000100014e0       0x48 CMakeFiles/Picopeater.dir/home/radu/Desktop/Picopeater/pico-sdk/src/rp2_common/hardware_timer/timer.c.obj
                0x00000000100014e0                busy_wait_us
 .text.hardware_alarm_set_callback
                0x0000000010001528       0x90 CMakeFiles/Picopeater.dir/home/radu/Desktop/Picopeater/pico-sdk/src/rp2_common/hardware_timer/timer.c.obj
                0x0000000010001528                hardware_alarm_set_callback
 .text.hardware_alarm_set_target
                0x00000000100015b8       0xe8 CMakeFiles/Picopeater.dir/home/radu/Desktop/Picopeater/pico-sdk/src/rp2_common/hardware_timer/timer.c.obj
                0x00000000100015b8                hardware_alarm_set_target
 .text.hardware_alarm_cancel
                0x00000000100016a0       0x40 CMakeFiles/Picopeater.dir/home/radu/Desktop/Picopeater/pico-sdk/src/rp2_common/hardware_timer/timer.c.obj
                0x00000000100016a0                hardware_alarm_cancel
 .text.ph_add_child_node
                0x00000000100016e0       0xa4 CMakeFiles/Picopeater.dir/home/radu/Desktop/Picopeater/pico-sdk/src/common/pico_util/pheap.c.obj
 .text.ph_merge_nodes
                0x0000000010001784       0x3e CMakeFiles/Picopeater.dir/home/radu/Desktop/Picopeater/pico-sdk/src/common/pico_util/pheap.c.obj
 *fill*         0x00000000100017c2        0x2 
 .text.ph_clear
                0x00000000100017c4       0x70 CMakeFiles/Picopeater.dir/home/radu/Desktop/Picopeater/pico-sdk/src/common/pico_util/pheap.c.obj
                0x00000000100017c4                ph_clear
 .text.ph_post_alloc_init
                0x0000000010001834        0xe CMakeFiles/Picopeater.dir/home/radu/Desktop/Picopeater/pico-sdk/src/common/pico_util/pheap.c.obj
                0x0000000010001834                ph_post_alloc_init
 *fill*         0x0000000010001842        0x2 
 .text.ph_merge_two_pass
                0x0000000010001844       0xa8 CMakeFiles/Picopeater.dir/home/radu/Desktop/Picopeater/pico-sdk/src/common/pico_util/pheap.c.obj
                0x0000000010001844                ph_merge_two_pass
 .text.ph_remove_any_head
                0x00000000100018ec      0x128 CMakeFiles/Picopeater.dir/home/radu/Desktop/Picopeater/pico-sdk/src/common/pico_util/pheap.c.obj
 .text.ph_remove_head
                0x0000000010001a14       0x14 CMakeFiles/Picopeater.dir/home/radu/Desktop/Picopeater/pico-sdk/src/common/pico_util/pheap.c.obj
                0x0000000010001a14                ph_remove_head
 .text.ph_remove_and_free_node
                0x0000000010001a28       0xf8 CMakeFiles/Picopeater.dir/home/radu/Desktop/Picopeater/pico-sdk/src/common/pico_util/pheap.c.obj
                0x0000000010001a28                ph_remove_and_free_node
 .text.uart_disable_before_lcr_write
                0x0000000010001b20       0x48 CMakeFiles/Picopeater.dir/home/radu/Desktop/Picopeater/pico-sdk/src/rp2_common/hardware_uart/uart.c.obj
 .text.uart_write_lcr_bits_masked
                0x0000000010001b68       0x22 CMakeFiles/Picopeater.dir/home/radu/Desktop/Picopeater/pico-sdk/src/rp2_common/hardware_uart/uart.c.obj
 *fill*         0x0000000010001b8a        0x2 
 .text.uart_set_baudrate
                0x0000000010001b8c       0x5c CMakeFiles/Picopeater.dir/home/radu/Desktop/Picopeater/pico-sdk/src/rp2_common/hardware_uart/uart.c.obj
                0x0000000010001b8c                uart_set_baudrate
 .text.uart_set_format
                0x0000000010001be8       0x2c CMakeFiles/Picopeater.dir/home/radu/Desktop/Picopeater/pico-sdk/src/rp2_common/hardware_uart/uart.c.obj
                0x0000000010001be8                uart_set_format
 .text.uart_set_translate_crlf
                0x0000000010001c14       0x28 CMakeFiles/Picopeater.dir/home/radu/Desktop/Picopeater/pico-sdk/src/rp2_common/hardware_uart/uart.c.obj
                0x0000000010001c14                uart_set_translate_crlf
 .text.uart_init
                0x0000000010001c3c       0x80 CMakeFiles/Picopeater.dir/home/radu/Desktop/Picopeater/pico-sdk/src/rp2_common/hardware_uart/uart.c.obj
                0x0000000010001c3c                uart_init
 .text.clock_configure
                0x0000000010001cbc      0x108 CMakeFiles/Picopeater.dir/home/radu/Desktop/Picopeater/pico-sdk/src/rp2_common/hardware_clocks/clocks.c.obj
                0x0000000010001cbc                clock_configure
 .text.clocks_init
                0x0000000010001dc4      0x100 CMakeFiles/Picopeater.dir/home/radu/Desktop/Picopeater/pico-sdk/src/rp2_common/hardware_clocks/clocks.c.obj
                0x0000000010001dc4                clocks_init
 .text.clock_get_hz
                0x0000000010001ec4        0xc CMakeFiles/Picopeater.dir/home/radu/Desktop/Picopeater/pico-sdk/src/rp2_common/hardware_clocks/clocks.c.obj
                0x0000000010001ec4                clock_get_hz
 .text.pll_init
                0x0000000010001ed0      0x124 CMakeFiles/Picopeater.dir/home/radu/Desktop/Picopeater/pico-sdk/src/rp2_common/hardware_pll/pll.c.obj
                0x0000000010001ed0                pll_init
 .text.watchdog_start_tick
                0x0000000010001ff4       0x10 CMakeFiles/Picopeater.dir/home/radu/Desktop/Picopeater/pico-sdk/src/rp2_common/hardware_watchdog/watchdog.c.obj
                0x0000000010001ff4                watchdog_start_tick
 .text.xosc_init
                0x0000000010002004       0x28 CMakeFiles/Picopeater.dir/home/radu/Desktop/Picopeater/pico-sdk/src/rp2_common/hardware_xosc/xosc.c.obj
                0x0000000010002004                xosc_init
 .text._exit    0x000000001000202c        0x4 CMakeFiles/Picopeater.dir/home/radu/Desktop/Picopeater/pico-sdk/src/rp2_common/pico_runtime/runtime.c.obj
                0x000000001000202c                _exit
 .text.exit     0x0000000010002030        0x6 CMakeFiles/Picopeater.dir/home/radu/Desktop/Picopeater/pico-sdk/src/rp2_common/pico_runtime/runtime.c.obj
                0x0000000010002030                exit
 *fill*         0x0000000010002036        0x2 
 .text.__assert_func
                0x0000000010002038       0x3c CMakeFiles/Picopeater.dir/home/radu/Desktop/Picopeater/pico-sdk/src/rp2_common/pico_runtime/runtime.c.obj
                0x0000000010002038                __assert_func
 .text.runtime_init
                0x0000000010002074       0xf8 CMakeFiles/Picopeater.dir/home/radu/Desktop/Picopeater/pico-sdk/src/rp2_common/pico_runtime/runtime.c.obj
                0x0000000010002074                runtime_init
 .text.panic    0x000000001000216c       0x30 CMakeFiles/Picopeater.dir/home/radu/Desktop/Picopeater/pico-sdk/src/rp2_common/pico_runtime/runtime.c.obj
                0x000000001000216c                panic
 .text._out_null
                0x000000001000219c        0x2 CMakeFiles/Picopeater.dir/home/radu/Desktop/Picopeater/pico-sdk/src/rp2_common/pico_printf/printf.c.obj
 .text._out_fct
                0x000000001000219e        0xe CMakeFiles/Picopeater.dir/home/radu/Desktop/Picopeater/pico-sdk/src/rp2_common/pico_printf/printf.c.obj
 .text._atoi    0x00000000100021ac       0x24 CMakeFiles/Picopeater.dir/home/radu/Desktop/Picopeater/pico-sdk/src/rp2_common/pico_printf/printf.c.obj
 .text._out_rev
                0x00000000100021d0       0xae CMakeFiles/Picopeater.dir/home/radu/Desktop/Picopeater/pico-sdk/src/rp2_common/pico_printf/printf.c.obj
 .text._ntoa_format
                0x000000001000227e      0x110 CMakeFiles/Picopeater.dir/home/radu/Desktop/Picopeater/pico-sdk/src/rp2_common/pico_printf/printf.c.obj
 .text._ntoa_long
                0x000000001000238e       0xbc CMakeFiles/Picopeater.dir/home/radu/Desktop/Picopeater/pico-sdk/src/rp2_common/pico_printf/printf.c.obj
 .text._ntoa_long_long
                0x000000001000244a       0xe2 CMakeFiles/Picopeater.dir/home/radu/Desktop/Picopeater/pico-sdk/src/rp2_common/pico_printf/printf.c.obj
 .text._etoa    0x000000001000252c      0x40c CMakeFiles/Picopeater.dir/home/radu/Desktop/Picopeater/pico-sdk/src/rp2_common/pico_printf/printf.c.obj
 .text._ftoa    0x0000000010002938      0x354 CMakeFiles/Picopeater.dir/home/radu/Desktop/Picopeater/pico-sdk/src/rp2_common/pico_printf/printf.c.obj
 .text._vsnprintf
                0x0000000010002c8c      0x628 CMakeFiles/Picopeater.dir/home/radu/Desktop/Picopeater/pico-sdk/src/rp2_common/pico_printf/printf.c.obj
 .text.vfctprintf
                0x00000000100032b4       0x20 CMakeFiles/Picopeater.dir/home/radu/Desktop/Picopeater/pico-sdk/src/rp2_common/pico_printf/printf.c.obj
                0x00000000100032b4                vfctprintf
 .text          0x00000000100032d4       0x10 CMakeFiles/Picopeater.dir/home/radu/Desktop/Picopeater/pico-sdk/src/rp2_common/pico_bit_ops/bit_ops_aeabi.S.obj
 .text.rom_func_lookup
                0x00000000100032e4       0x10 CMakeFiles/Picopeater.dir/home/radu/Desktop/Picopeater/pico-sdk/src/rp2_common/pico_bootrom/bootrom.c.obj
                0x00000000100032e4                rom_func_lookup
 .text.rom_data_lookup
                0x00000000100032f4       0x10 CMakeFiles/Picopeater.dir/home/radu/Desktop/Picopeater/pico-sdk/src/rp2_common/pico_bootrom/bootrom.c.obj
                0x00000000100032f4                rom_data_lookup
 .text.rom_funcs_lookup
                0x0000000010003304       0x36 CMakeFiles/Picopeater.dir/home/radu/Desktop/Picopeater/pico-sdk/src/rp2_common/pico_bootrom/bootrom.c.obj
                0x0000000010003304                rom_funcs_lookup
 *fill*         0x000000001000333a        0x2 
 .text.__wrap___aeabi_idiv
                0x000000001000333c       0x50 CMakeFiles/Picopeater.dir/home/radu/Desktop/Picopeater/pico-sdk/src/rp2_common/pico_divider/divider.S.obj
                0x000000001000333c                __wrap___aeabi_idivmod
                0x000000001000333c                divmod_s32s32
                0x000000001000333c                div_s32s32
                0x000000001000333c                __wrap___aeabi_idiv
                0x0000000010003344                divmod_s32s32_unsafe
                0x0000000010003370                divmod_s32s32_savestate
 .text.__wrap___aeabi_uidiv
                0x000000001000338c       0x4c CMakeFiles/Picopeater.dir/home/radu/Desktop/Picopeater/pico-sdk/src/rp2_common/pico_divider/divider.S.obj
                0x000000001000338c                __wrap___aeabi_uidiv
                0x000000001000338c                __wrap___aeabi_uidivmod
                0x000000001000338c                div_u32u32
                0x000000001000338c                divmod_u32u32
                0x0000000010003394                divmod_u32u32_unsafe
                0x00000000100033bc                divmod_u32u32_savestate
 .text.__wrap___aeabi_ldiv
                0x00000000100033d8      0x424 CMakeFiles/Picopeater.dir/home/radu/Desktop/Picopeater/pico-sdk/src/rp2_common/pico_divider/divider.S.obj
                0x00000000100033d8                div_s64s64
                0x00000000100033d8                divmod_s64s64
                0x00000000100033d8                __wrap___aeabi_ldivmod
                0x0000000010003408                div_u64u64
                0x0000000010003408                divmod_u64u64
                0x0000000010003408                __wrap___aeabi_uldivmod
                0x0000000010003418                divmod_u64u64_savestate
                0x0000000010003438                divmod_s64s64_unsafe
                0x00000000100034c0                divmod_u64u64_unsafe
 .text.__wrap___aeabi_darithmetic
                0x00000000100037fc       0x80 CMakeFiles/Picopeater.dir/home/radu/Desktop/Picopeater/pico-sdk/src/rp2_common/pico_double/double_aeabi.S.obj
                0x00000000100037fc                __wrap___aeabi_drsub
                0x0000000010003802                __wrap___aeabi_dsub
                0x0000000010003814                __wrap___aeabi_dadd
                0x0000000010003826                __wrap___aeabi_ddiv
                0x0000000010003862                __wrap___aeabi_dmul
 .text.__wrap___aeabi_cdcmple
                0x000000001000387c       0x6c CMakeFiles/Picopeater.dir/home/radu/Desktop/Picopeater/pico-sdk/src/rp2_common/pico_double/double_aeabi.S.obj
                0x000000001000387c                __wrap___aeabi_cdrcmple
                0x000000001000388c                __wrap___aeabi_cdcmple
                0x000000001000388c                __wrap___aeabi_cdcmpeq
 .text.__wrap___aeabi_dcmplt
                0x00000000100038e8        0xc CMakeFiles/Picopeater.dir/home/radu/Desktop/Picopeater/pico-sdk/src/rp2_common/pico_double/double_aeabi.S.obj
                0x00000000100038e8                __wrap___aeabi_dcmplt
 .text.__wrap___aeabi_dcmple
                0x00000000100038f4       0x10 CMakeFiles/Picopeater.dir/home/radu/Desktop/Picopeater/pico-sdk/src/rp2_common/pico_double/double_aeabi.S.obj
                0x00000000100038f4                __wrap___aeabi_dcmple
 .text.__wrap___aeabi_dcmpge
                0x0000000010003904       0x10 CMakeFiles/Picopeater.dir/home/radu/Desktop/Picopeater/pico-sdk/src/rp2_common/pico_double/double_aeabi.S.obj
                0x0000000010003904                __wrap___aeabi_dcmpge
 .text.__wrap___aeabi_dcmpgt
                0x0000000010003914        0xa CMakeFiles/Picopeater.dir/home/radu/Desktop/Picopeater/pico-sdk/src/rp2_common/pico_double/double_aeabi.S.obj
                0x0000000010003914                __wrap___aeabi_dcmpgt
 .text.__wrap___aeabi_dcmpun
                0x000000001000391e       0x1c CMakeFiles/Picopeater.dir/home/radu/Desktop/Picopeater/pico-sdk/src/rp2_common/pico_double/double_aeabi.S.obj
                0x000000001000391e                __wrap___aeabi_dcmpun
 *fill*         0x000000001000393a        0x2 
 .text.__wrap___aeabi_i2d
                0x000000001000393c       0x38 CMakeFiles/Picopeater.dir/home/radu/Desktop/Picopeater/pico-sdk/src/rp2_common/pico_double/double_aeabi.S.obj
                0x000000001000393c                __wrap___aeabi_ui2d
                0x0000000010003944                __wrap___aeabi_i2d
 .text.__wrap___aeabi_d2iz
                0x0000000010003974       0x48 CMakeFiles/Picopeater.dir/home/radu/Desktop/Picopeater/pico-sdk/src/rp2_common/pico_double/double_aeabi.S.obj
                0x0000000010003974                __wrap___aeabi_d2iz
                0x0000000010003974                double2int_z
 .text.__wrap___aeabi_d2uiz
                0x00000000100039bc       0x18 CMakeFiles/Picopeater.dir/home/radu/Desktop/Picopeater/pico-sdk/src/rp2_common/pico_double/double_aeabi.S.obj
                0x00000000100039bc                double2uint
                0x00000000100039bc                __wrap___aeabi_d2uiz
 .text.__aeabi_double_init
                0x00000000100039d4       0xc8 CMakeFiles/Picopeater.dir/home/radu/Desktop/Picopeater/pico-sdk/src/rp2_common/pico_double/double_init_rom.c.obj
                0x00000000100039d4                __aeabi_double_init
 .text.double_table_shim_on_use_helper
                0x0000000010003a9c       0x34 CMakeFiles/Picopeater.dir/home/radu/Desktop/Picopeater/pico-sdk/src/rp2_common/pico_double/double_v1_rom_shim.S.obj
                0x0000000010003a9c                double_table_shim_on_use_helper
 .text.__wrap___aeabi_dsub
                0x0000000010003ad0       0x10 CMakeFiles/Picopeater.dir/home/radu/Desktop/Picopeater/pico-sdk/src/rp2_common/pico_double/double_v1_rom_shim.S.obj
                0x0000000010003ad0                drsub_shim
                0x0000000010003ad6                dsub_shim
 .text.dadd_shim
                0x0000000010003ae0      0x15c CMakeFiles/Picopeater.dir/home/radu/Desktop/Picopeater/pico-sdk/src/rp2_common/pico_double/double_v1_rom_shim.S.obj
                0x0000000010003ae0                dadd_shim
 .text.dmul_shim
                0x0000000010003c3c      0x15c CMakeFiles/Picopeater.dir/home/radu/Desktop/Picopeater/pico-sdk/src/rp2_common/pico_double/double_v1_rom_shim.S.obj
                0x0000000010003c3c                dmul_shim
 .text.ddiv_shim
                0x0000000010003d98      0x1b0 CMakeFiles/Picopeater.dir/home/radu/Desktop/Picopeater/pico-sdk/src/rp2_common/pico_double/double_v1_rom_shim.S.obj
                0x0000000010003d98                ddiv_shim
 .text.double2uint_shim
                0x0000000010003f48        0xe CMakeFiles/Picopeater.dir/home/radu/Desktop/Picopeater/pico-sdk/src/rp2_common/pico_double/double_v1_rom_shim.S.obj
                0x0000000010003f48                double2uint_shim
                0x0000000010003f4a                double2ufix_shim
 *fill*         0x0000000010003f56        0x2 
 .text.double2uint64_shim
                0x0000000010003f58       0x70 CMakeFiles/Picopeater.dir/home/radu/Desktop/Picopeater/pico-sdk/src/rp2_common/pico_double/double_v1_rom_shim.S.obj
                0x0000000010003f58                double2uint64_shim
                0x0000000010003f5a                double2ufix64_shim
                0x0000000010003f7a                d2fix_a
 .text.dunpacks
                0x0000000010003fc8       0x3c CMakeFiles/Picopeater.dir/home/radu/Desktop/Picopeater/pico-sdk/src/rp2_common/pico_double/double_v1_rom_shim.S.obj
                0x0000000010003fc8                dunpacks
 .text.__aeabi_lmul
                0x0000000010004004       0x32 CMakeFiles/Picopeater.dir/home/radu/Desktop/Picopeater/pico-sdk/src/rp2_common/pico_int64_ops/pico_int64_ops_aeabi.S.obj
                0x0000000010004004                __wrap___aeabi_lmul
 *fill*         0x0000000010004036        0x2 
 .text.__aeabi_float_init
                0x0000000010004038       0xfc CMakeFiles/Picopeater.dir/home/radu/Desktop/Picopeater/pico-sdk/src/rp2_common/pico_float/float_init_rom.c.obj
                0x0000000010004038                __aeabi_float_init
 .text.float_table_shim_on_use_helper
                0x0000000010004134       0x34 CMakeFiles/Picopeater.dir/home/radu/Desktop/Picopeater/pico-sdk/src/rp2_common/pico_float/float_v1_rom_shim.S.obj
                0x0000000010004134                float_table_shim_on_use_helper
 .text          0x0000000010004168       0x10 CMakeFiles/Picopeater.dir/home/radu/Desktop/Picopeater/pico-sdk/src/rp2_common/pico_mem_ops/mem_ops_aeabi.S.obj
                0x0000000010004168                __aeabi_mem_init
 .text.memcpy   0x0000000010004178        0xc CMakeFiles/Picopeater.dir/home/radu/Desktop/Picopeater/pico-sdk/src/rp2_common/pico_mem_ops/mem_ops_aeabi.S.obj
                0x0000000010004178                __wrap___aeabi_memcpy
                0x0000000010004178                __wrap_memcpy
 .text.stdio_out_chars_no_crlf
                0x0000000010004184        0xe CMakeFiles/Picopeater.dir/home/radu/Desktop/Picopeater/pico-sdk/src/rp2_common/pico_stdio/stdio.c.obj
 *fill*         0x0000000010004192        0x2 
 .text.stdio_out_chars_crlf
                0x0000000010004194       0x80 CMakeFiles/Picopeater.dir/home/radu/Desktop/Picopeater/pico-sdk/src/rp2_common/pico_stdio/stdio.c.obj
 .text.stdio_stack_buffer_flush
                0x0000000010004214       0x44 CMakeFiles/Picopeater.dir/home/radu/Desktop/Picopeater/pico-sdk/src/rp2_common/pico_stdio/stdio.c.obj
 .text.stdio_buffered_printer
                0x0000000010004258       0x20 CMakeFiles/Picopeater.dir/home/radu/Desktop/Picopeater/pico-sdk/src/rp2_common/pico_stdio/stdio.c.obj
 .text.stdout_serialize_begin
                0x0000000010004278       0x5c CMakeFiles/Picopeater.dir/home/radu/Desktop/Picopeater/pico-sdk/src/rp2_common/pico_stdio/stdio.c.obj
                0x0000000010004278                stdout_serialize_begin
 .text.stdout_serialize_end
                0x00000000100042d4       0x10 CMakeFiles/Picopeater.dir/home/radu/Desktop/Picopeater/pico-sdk/src/rp2_common/pico_stdio/stdio.c.obj
                0x00000000100042d4                stdout_serialize_end
 .text.stdio_put_string
                0x00000000100042e4       0x98 CMakeFiles/Picopeater.dir/home/radu/Desktop/Picopeater/pico-sdk/src/rp2_common/pico_stdio/stdio.c.obj
 .text.stdio_set_driver_enabled
                0x000000001000437c       0x2c CMakeFiles/Picopeater.dir/home/radu/Desktop/Picopeater/pico-sdk/src/rp2_common/pico_stdio/stdio.c.obj
                0x000000001000437c                stdio_set_driver_enabled
 .text.stdio_flush
                0x00000000100043a8       0x20 CMakeFiles/Picopeater.dir/home/radu/Desktop/Picopeater/pico-sdk/src/rp2_common/pico_stdio/stdio.c.obj
                0x00000000100043a8                stdio_flush
 .text.__wrap_puts
                0x00000000100043c8       0x1e CMakeFiles/Picopeater.dir/home/radu/Desktop/Picopeater/pico-sdk/src/rp2_common/pico_stdio/stdio.c.obj
                0x00000000100043c8                __wrap_puts
 *fill*         0x00000000100043e6        0x2 
 .text.__wrap_vprintf
                0x00000000100043e8       0x40 CMakeFiles/Picopeater.dir/home/radu/Desktop/Picopeater/pico-sdk/src/rp2_common/pico_stdio/stdio.c.obj
                0x00000000100043e8                __wrap_vprintf
 .text.__wrap_printf
                0x0000000010004428       0x18 CMakeFiles/Picopeater.dir/home/radu/Desktop/Picopeater/pico-sdk/src/rp2_common/pico_stdio/stdio.c.obj
                0x0000000010004428                __wrap_printf
 .text.stdio_init_all
                0x0000000010004440        0xa CMakeFiles/Picopeater.dir/home/radu/Desktop/Picopeater/pico-sdk/src/rp2_common/pico_stdio/stdio.c.obj
                0x0000000010004440                stdio_init_all
 *fill*         0x000000001000444a        0x2 
 .text.stdio_uart_out_chars
                0x000000001000444c       0x74 CMakeFiles/Picopeater.dir/home/radu/Desktop/Picopeater/pico-sdk/src/rp2_common/pico_stdio_uart/stdio_uart.c.obj
 .text.stdio_uart_in_chars
                0x00000000100044c0       0x7c CMakeFiles/Picopeater.dir/home/radu/Desktop/Picopeater/pico-sdk/src/rp2_common/pico_stdio_uart/stdio_uart.c.obj
                0x00000000100044c0                stdio_uart_in_chars
 .text.on_uart_rx
                0x000000001000453c       0x28 CMakeFiles/Picopeater.dir/home/radu/Desktop/Picopeater/pico-sdk/src/rp2_common/pico_stdio_uart/stdio_uart.c.obj
 .text.stdio_uart_set_chars_available_callback
                0x0000000010004564       0x8c CMakeFiles/Picopeater.dir/home/radu/Desktop/Picopeater/pico-sdk/src/rp2_common/pico_stdio_uart/stdio_uart.c.obj
 .text.stdio_uart_init_full
                0x00000000100045f0       0x44 CMakeFiles/Picopeater.dir/home/radu/Desktop/Picopeater/pico-sdk/src/rp2_common/pico_stdio_uart/stdio_uart.c.obj
                0x00000000100045f0                stdio_uart_init_full
 .text.stdio_uart_init
                0x0000000010004634       0x28 CMakeFiles/Picopeater.dir/home/radu/Desktop/Picopeater/pico-sdk/src/rp2_common/pico_stdio_uart/stdio_uart.c.obj
                0x0000000010004634                stdio_uart_init
 .text          0x000000001000465c       0x68 /usr/lib/gcc/arm-none-eabi/9.2.1/../../../arm-none-eabi/lib/thumb/v6-m/nofp/libg.a(lib_a-strlen-stub.o)
                0x000000001000465c                strlen
 *(.fini)
 .fini          0x00000000100046c4        0x4 /usr/lib/gcc/arm-none-eabi/9.2.1/thumb/v6-m/nofp/crti.o
                0x00000000100046c4                _fini
 .fini.__stub   0x00000000100046c8       0x40 linker stubs
 *crtbegin.o(.ctors)
 *crtbegin?.o(.ctors)
 *(EXCLUDE_FILE(*crtend.o *crtend?.o) .ctors)
 *(SORT_BY_NAME(.ctors.*))
 *(.ctors)
 *crtbegin.o(.dtors)
 *crtbegin?.o(.dtors)
 *(EXCLUDE_FILE(*crtend.o *crtend?.o) .dtors)
 *(SORT_BY_NAME(.dtors.*))
 *(.dtors)
 *(.eh_frame*)
 .eh_frame      0x0000000010004708        0x0 /usr/lib/gcc/arm-none-eabi/9.2.1/thumb/v6-m/nofp/crtbegin.o
                0x0000000010004708                . = ALIGN (0x4)

.glue_7         0x0000000010004708        0x0
 .glue_7        0x0000000010004708        0x0 linker stubs

.glue_7t        0x0000000010004708        0x0
 .glue_7t       0x0000000010004708        0x0 linker stubs

.vfp11_veneer   0x0000000010004708        0x0
 .vfp11_veneer  0x0000000010004708        0x0 linker stubs

.v4_bx          0x0000000010004708        0x0
 .v4_bx         0x0000000010004708        0x0 linker stubs

.iplt           0x0000000010004708        0x0
 .iplt          0x0000000010004708        0x0 /usr/lib/gcc/arm-none-eabi/9.2.1/thumb/v6-m/nofp/crtbegin.o

.rodata         0x0000000010004708      0xfa8
 *(EXCLUDE_FILE(*libm.a: *libc.a:*lib_a-mem*.o *libgcc.a:) .rodata*)
 .rodata.alarm_pool_add_alarm_in_ms.str1.4
                0x0000000010004708       0x6d CMakeFiles/Picopeater.dir/Picopeater.c.obj
 *fill*         0x0000000010004775        0x3 
 .rodata.__func__.5221
                0x0000000010004778       0x15 CMakeFiles/Picopeater.dir/Picopeater.c.obj
 *fill*         0x000000001000478d        0x3 
 .rodata.make_branch.str1.4
                0x0000000010004790       0x79 CMakeFiles/Picopeater.dir/home/radu/Desktop/Picopeater/pico-sdk/src/rp2_common/hardware_irq/irq.c.obj
 *fill*         0x0000000010004809        0x3 
 .rodata.insert_branch_and_link.str1.4
                0x000000001000480c       0x10 CMakeFiles/Picopeater.dir/home/radu/Desktop/Picopeater/pico-sdk/src/rp2_common/hardware_irq/irq.c.obj
 .rodata.irq_set_exclusive_handler.str1.4
                0x000000001000481c       0x36 CMakeFiles/Picopeater.dir/home/radu/Desktop/Picopeater/pico-sdk/src/rp2_common/hardware_irq/irq.c.obj
 *fill*         0x0000000010004852        0x2 
 .rodata.irq_add_shared_handler.str1.4
                0x0000000010004854       0xd9 CMakeFiles/Picopeater.dir/home/radu/Desktop/Picopeater/pico-sdk/src/rp2_common/hardware_irq/irq.c.obj
 *fill*         0x000000001000492d        0x3 
 .rodata.irq_remove_handler.str1.4
                0x0000000010004930       0x3a CMakeFiles/Picopeater.dir/home/radu/Desktop/Picopeater/pico-sdk/src/rp2_common/hardware_irq/irq.c.obj
 *fill*         0x000000001000496a        0x2 
 .rodata.irq_add_tail_to_free_list.str1.4
                0x000000001000496c       0x3a CMakeFiles/Picopeater.dir/home/radu/Desktop/Picopeater/pico-sdk/src/rp2_common/hardware_irq/irq.c.obj
 *fill*         0x00000000100049a6        0x2 
 .rodata.__func__.4809
                0x00000000100049a8       0x1a CMakeFiles/Picopeater.dir/home/radu/Desktop/Picopeater/pico-sdk/src/rp2_common/hardware_irq/irq.c.obj
 *fill*         0x00000000100049c2        0x2 
 .rodata.__func__.4823
                0x00000000100049c4        0xc CMakeFiles/Picopeater.dir/home/radu/Desktop/Picopeater/pico-sdk/src/rp2_common/hardware_irq/irq.c.obj
 .rodata.__func__.4831
                0x00000000100049d0       0x17 CMakeFiles/Picopeater.dir/home/radu/Desktop/Picopeater/pico-sdk/src/rp2_common/hardware_irq/irq.c.obj
 *fill*         0x00000000100049e7        0x1 
 .rodata.__func__.4835
                0x00000000100049e8        0xf CMakeFiles/Picopeater.dir/home/radu/Desktop/Picopeater/pico-sdk/src/rp2_common/hardware_irq/irq.c.obj
 *fill*         0x00000000100049f7        0x1 
 .rodata.__func__.4874
                0x00000000100049f8       0x13 CMakeFiles/Picopeater.dir/home/radu/Desktop/Picopeater/pico-sdk/src/rp2_common/hardware_irq/irq.c.obj
 *fill*         0x0000000010004a0b        0x1 
 .rodata.__func__.4896
                0x0000000010004a0c       0x1a CMakeFiles/Picopeater.dir/home/radu/Desktop/Picopeater/pico-sdk/src/rp2_common/hardware_irq/irq.c.obj
 *fill*         0x0000000010004a26        0x2 
 .rodata.str1.4
                0x0000000010004a28       0x95 CMakeFiles/Picopeater.dir/home/radu/Desktop/Picopeater/pico-sdk/src/common/pico_sync/mutex.c.obj
                                        0x105 (size before relaxing)
 *fill*         0x0000000010004abd        0x3 
 .rodata.__func__.4724
                0x0000000010004ac0       0x18 CMakeFiles/Picopeater.dir/home/radu/Desktop/Picopeater/pico-sdk/src/common/pico_sync/mutex.c.obj
 .rodata.__func__.4743
                0x0000000010004ad8        0xb CMakeFiles/Picopeater.dir/home/radu/Desktop/Picopeater/pico-sdk/src/common/pico_sync/mutex.c.obj
 *fill*         0x0000000010004ae3        0x1 
 .rodata.repeating_timer_callback.str1.4
                0x0000000010004ae4       0x57 CMakeFiles/Picopeater.dir/home/radu/Desktop/Picopeater/pico-sdk/src/common/pico_time/time.c.obj
 *fill*         0x0000000010004b3b        0x1 
 .rodata.timer_pool_entry_comparator.str1.4
                0x0000000010004b3c       0x22 CMakeFiles/Picopeater.dir/home/radu/Desktop/Picopeater/pico-sdk/src/common/pico_time/time.c.obj
 *fill*         0x0000000010004b5e        0x2 
 .rodata.ph_add_child_node.str1.4
                0x0000000010004b60       0xa2 CMakeFiles/Picopeater.dir/home/radu/Desktop/Picopeater/pico-sdk/src/common/pico_time/time.c.obj
 *fill*         0x0000000010004c02        0x2 
 .rodata.add_alarm_under_lock.str1.4
                0x0000000010004c04       0x28 CMakeFiles/Picopeater.dir/home/radu/Desktop/Picopeater/pico-sdk/src/common/pico_time/time.c.obj
                                         0x2b (size before relaxing)
 .rodata.alarm_pool_alarm_callback.str1.4
                0x0000000010004c2c       0x98 CMakeFiles/Picopeater.dir/home/radu/Desktop/Picopeater/pico-sdk/src/common/pico_time/time.c.obj
                                        0x108 (size before relaxing)
 .rodata.alarm_pool_get_default.str1.4
                0x0000000010004cc4       0x21 CMakeFiles/Picopeater.dir/home/radu/Desktop/Picopeater/pico-sdk/src/common/pico_time/time.c.obj
 *fill*         0x0000000010004ce5        0x3 
 .rodata.alarm_pool_cancel_alarm.str1.4
                0x0000000010004ce8       0x27 CMakeFiles/Picopeater.dir/home/radu/Desktop/Picopeater/pico-sdk/src/common/pico_time/time.c.obj
 *fill*         0x0000000010004d0f        0x1 
 .rodata.__func__.5701
                0x0000000010004d10       0x15 CMakeFiles/Picopeater.dir/home/radu/Desktop/Picopeater/pico-sdk/src/common/pico_time/time.c.obj
 *fill*         0x0000000010004d25        0x3 
 .rodata.__func__.6045
                0x0000000010004d28        0xc CMakeFiles/Picopeater.dir/home/radu/Desktop/Picopeater/pico-sdk/src/common/pico_time/time.c.obj
 .rodata.__func__.6052
                0x0000000010004d34       0x12 CMakeFiles/Picopeater.dir/home/radu/Desktop/Picopeater/pico-sdk/src/common/pico_time/time.c.obj
 *fill*         0x0000000010004d46        0x2 
 .rodata.__func__.6068
                0x0000000010004d48        0xf CMakeFiles/Picopeater.dir/home/radu/Desktop/Picopeater/pico-sdk/src/common/pico_time/time.c.obj
 *fill*         0x0000000010004d57        0x1 
 .rodata.__func__.6090
                0x0000000010004d58        0xd CMakeFiles/Picopeater.dir/home/radu/Desktop/Picopeater/pico-sdk/src/common/pico_time/time.c.obj
 *fill*         0x0000000010004d65        0x3 
 .rodata.__func__.6319
                0x0000000010004d68        0xa CMakeFiles/Picopeater.dir/home/radu/Desktop/Picopeater/pico-sdk/src/common/pico_time/time.c.obj
 *fill*         0x0000000010004d72        0x2 
 .rodata.__func__.6324
                0x0000000010004d74       0x12 CMakeFiles/Picopeater.dir/home/radu/Desktop/Picopeater/pico-sdk/src/common/pico_time/time.c.obj
 *fill*         0x0000000010004d86        0x2 
 .rodata.__func__.6339
                0x0000000010004d88       0x17 CMakeFiles/Picopeater.dir/home/radu/Desktop/Picopeater/pico-sdk/src/common/pico_time/time.c.obj
 *fill*         0x0000000010004d9f        0x1 
 .rodata.__func__.6350
                0x0000000010004da0       0x15 CMakeFiles/Picopeater.dir/home/radu/Desktop/Picopeater/pico-sdk/src/common/pico_time/time.c.obj
 *fill*         0x0000000010004db5        0x3 
 .rodata.__func__.6367
                0x0000000010004db8       0x1a CMakeFiles/Picopeater.dir/home/radu/Desktop/Picopeater/pico-sdk/src/common/pico_time/time.c.obj
 *fill*         0x0000000010004dd2        0x2 
 .rodata.__func__.6420
                0x0000000010004dd4       0x18 CMakeFiles/Picopeater.dir/home/radu/Desktop/Picopeater/pico-sdk/src/common/pico_time/time.c.obj
 .rodata.hardware_alarm_claim.str1.4
                0x0000000010004dec       0x22 CMakeFiles/Picopeater.dir/home/radu/Desktop/Picopeater/pico-sdk/src/rp2_common/hardware_timer/timer.c.obj
 .rodata.busy_wait_us.str1.4
                0x0000000010004e0e       0x6d CMakeFiles/Picopeater.dir/home/radu/Desktop/Picopeater/pico-sdk/src/rp2_common/hardware_timer/timer.c.obj
 *fill*         0x0000000010004e0e        0x2 
 .rodata.hardware_alarm_set_target.str1.4
                0x0000000010004e10       0x71 CMakeFiles/Picopeater.dir/home/radu/Desktop/Picopeater/pico-sdk/src/rp2_common/hardware_timer/timer.c.obj
 *fill*         0x0000000010004e81        0x3 
 .rodata.__func__.4193
                0x0000000010004e84       0x15 CMakeFiles/Picopeater.dir/home/radu/Desktop/Picopeater/pico-sdk/src/rp2_common/hardware_timer/timer.c.obj
 *fill*         0x0000000010004e99        0x3 
 .rodata.__func__.4590
                0x0000000010004e9c       0x1a CMakeFiles/Picopeater.dir/home/radu/Desktop/Picopeater/pico-sdk/src/rp2_common/hardware_timer/timer.c.obj
 .rodata.ph_add_child_node.str1.4
                0x0000000010004eb6       0xa2 CMakeFiles/Picopeater.dir/home/radu/Desktop/Picopeater/pico-sdk/src/common/pico_util/pheap.c.obj
 *fill*         0x0000000010004eb6        0x2 
 .rodata.ph_remove_any_head.str1.4
                0x0000000010004eb8       0x98 CMakeFiles/Picopeater.dir/home/radu/Desktop/Picopeater/pico-sdk/src/common/pico_util/pheap.c.obj
                                         0xac (size before relaxing)
 .rodata.ph_remove_and_free_node.str1.4
                0x0000000010004f50       0x1e CMakeFiles/Picopeater.dir/home/radu/Desktop/Picopeater/pico-sdk/src/common/pico_util/pheap.c.obj
                                         0x26 (size before relaxing)
 *fill*         0x0000000010004f6e        0x2 
 .rodata.__func__.5726
                0x0000000010004f70        0xc CMakeFiles/Picopeater.dir/home/radu/Desktop/Picopeater/pico-sdk/src/common/pico_util/pheap.c.obj
 .rodata.__func__.5733
                0x0000000010004f7c       0x12 CMakeFiles/Picopeater.dir/home/radu/Desktop/Picopeater/pico-sdk/src/common/pico_util/pheap.c.obj
 *fill*         0x0000000010004f8e        0x2 
 .rodata.__func__.5819
                0x0000000010004f90       0x13 CMakeFiles/Picopeater.dir/home/radu/Desktop/Picopeater/pico-sdk/src/common/pico_util/pheap.c.obj
 *fill*         0x0000000010004fa3        0x1 
 .rodata.__func__.5837
                0x0000000010004fa4       0x18 CMakeFiles/Picopeater.dir/home/radu/Desktop/Picopeater/pico-sdk/src/common/pico_util/pheap.c.obj
 .rodata.clock_configure.str1.4
                0x0000000010004fbc       0x63 CMakeFiles/Picopeater.dir/home/radu/Desktop/Picopeater/pico-sdk/src/rp2_common/hardware_clocks/clocks.c.obj
 *fill*         0x000000001000501f        0x1 
 .rodata.__func__.4776
                0x0000000010005020       0x10 CMakeFiles/Picopeater.dir/home/radu/Desktop/Picopeater/pico-sdk/src/rp2_common/hardware_clocks/clocks.c.obj
 .rodata.pll_init.str1.4
                0x0000000010005030      0x130 CMakeFiles/Picopeater.dir/home/radu/Desktop/Picopeater/pico-sdk/src/rp2_common/hardware_pll/pll.c.obj
 .rodata.__func__.4433
                0x0000000010005160        0x9 CMakeFiles/Picopeater.dir/home/radu/Desktop/Picopeater/pico-sdk/src/rp2_common/hardware_pll/pll.c.obj
 *fill*         0x0000000010005169        0x3 
 .rodata.__assert_func.str1.4
                0x000000001000516c       0x3f CMakeFiles/Picopeater.dir/home/radu/Desktop/Picopeater/pico-sdk/src/rp2_common/pico_runtime/runtime.c.obj
                                         0x43 (size before relaxing)
 *fill*         0x00000000100051ab        0x1 
 .rodata.runtime_init.str1.4
                0x00000000100051ac       0x6d CMakeFiles/Picopeater.dir/home/radu/Desktop/Picopeater/pico-sdk/src/rp2_common/pico_runtime/runtime.c.obj
 *fill*         0x0000000010005219        0x3 
 .rodata.panic.str1.4
                0x000000001000521c       0x12 CMakeFiles/Picopeater.dir/home/radu/Desktop/Picopeater/pico-sdk/src/rp2_common/pico_runtime/runtime.c.obj
 *fill*         0x000000001000522e        0x2 
 .rodata.__func__.6387
                0x0000000010005230        0xd CMakeFiles/Picopeater.dir/home/radu/Desktop/Picopeater/pico-sdk/src/rp2_common/pico_runtime/runtime.c.obj
 *fill*         0x000000001000523d        0x3 
 .rodata._ftoa.str1.4
                0x0000000010005240       0x15 CMakeFiles/Picopeater.dir/home/radu/Desktop/Picopeater/pico-sdk/src/rp2_common/pico_printf/printf.c.obj
 *fill*         0x0000000010005255        0x3 
 .rodata._vsnprintf
                0x0000000010005258      0x1e0 CMakeFiles/Picopeater.dir/home/radu/Desktop/Picopeater/pico-sdk/src/rp2_common/pico_printf/printf.c.obj
 .rodata.pow10.5431
                0x0000000010005438       0x50 CMakeFiles/Picopeater.dir/home/radu/Desktop/Picopeater/pico-sdk/src/rp2_common/pico_printf/printf.c.obj
 .rodata.__aeabi_double_init.str1.4
                0x0000000010005488       0xa8 CMakeFiles/Picopeater.dir/home/radu/Desktop/Picopeater/pico-sdk/src/rp2_common/pico_double/double_init_rom.c.obj
 .rodata.__func__.4737
                0x0000000010005530       0x14 CMakeFiles/Picopeater.dir/home/radu/Desktop/Picopeater/pico-sdk/src/rp2_common/pico_double/double_init_rom.c.obj
 .rodata.__aeabi_float_init.str1.4
                0x0000000010005544       0x86 CMakeFiles/Picopeater.dir/home/radu/Desktop/Picopeater/pico-sdk/src/rp2_common/pico_float/float_init_rom.c.obj
                                         0x8a (size before relaxing)
 *fill*         0x00000000100055ca        0x2 
 .rodata.__func__.4738
                0x00000000100055cc       0x13 CMakeFiles/Picopeater.dir/home/radu/Desktop/Picopeater/pico-sdk/src/rp2_common/pico_float/float_init_rom.c.obj
 *fill*         0x00000000100055df        0x1 
 .rodata.str1.4
                0x00000000100055e0       0x44 CMakeFiles/Picopeater.dir/home/radu/Desktop/Picopeater/pico-sdk/src/rp2_common/pico_standard_link/binary_info.c.obj
 .rodata.__bi_44
                0x0000000010005624        0xc CMakeFiles/Picopeater.dir/home/radu/Desktop/Picopeater/pico-sdk/src/rp2_common/pico_standard_link/binary_info.c.obj
 .rodata.__bi_56
                0x0000000010005630        0xc CMakeFiles/Picopeater.dir/home/radu/Desktop/Picopeater/pico-sdk/src/rp2_common/pico_standard_link/binary_info.c.obj
 .rodata.__bi_75
                0x000000001000563c        0xc CMakeFiles/Picopeater.dir/home/radu/Desktop/Picopeater/pico-sdk/src/rp2_common/pico_standard_link/binary_info.c.obj
 .rodata.__bi_81
                0x0000000010005648        0xc CMakeFiles/Picopeater.dir/home/radu/Desktop/Picopeater/pico-sdk/src/rp2_common/pico_standard_link/binary_info.c.obj
 .rodata.stdout_serialize_begin.str1.4
                0x0000000010005654       0x6d CMakeFiles/Picopeater.dir/home/radu/Desktop/Picopeater/pico-sdk/src/rp2_common/pico_stdio/stdio.c.obj
 .rodata.__func__.5563
                0x0000000010005654       0x15 CMakeFiles/Picopeater.dir/home/radu/Desktop/Picopeater/pico-sdk/src/rp2_common/pico_stdio/stdio.c.obj
 *fill*         0x0000000010005669        0x3 
 .rodata.crlf_str.6230
                0x000000001000566c        0x2 CMakeFiles/Picopeater.dir/home/radu/Desktop/Picopeater/pico-sdk/src/rp2_common/pico_stdio/stdio.c.obj
 *fill*         0x000000001000566e        0x2 
 .rodata.str1.4
                0x0000000010005670       0x2c CMakeFiles/Picopeater.dir/home/radu/Desktop/Picopeater/pico-sdk/src/rp2_common/pico_stdio_uart/stdio_uart.c.obj
 .rodata.__bi_33.4879
                0x000000001000569c        0xc CMakeFiles/Picopeater.dir/home/radu/Desktop/Picopeater/pico-sdk/src/rp2_common/pico_stdio_uart/stdio_uart.c.obj
 .rodata.__bi_34.4883
                0x00000000100056a8        0x8 CMakeFiles/Picopeater.dir/home/radu/Desktop/Picopeater/pico-sdk/src/rp2_common/pico_stdio_uart/stdio_uart.c.obj
                0x00000000100056b0                . = ALIGN (0x4)
 *(SORT_BY_ALIGNMENT(SORT_BY_NAME(.flashdata*)))
                0x00000000100056b0                . = ALIGN (0x4)

.ARM.extab
 *(.ARM.extab* .gnu.linkonce.armextab.*)
                0x00000000100056b0                __exidx_start = .

.ARM.exidx
 *(.ARM.exidx* .gnu.linkonce.armexidx.*)
                0x00000000100056b0                __exidx_end = .
                0x00000000100056b0                . = ALIGN (0x4)
                0x00000000100056b0                __binary_info_start = .

.binary_info    0x00000000100056b0       0x28
 *(.binary_info.keep.*)
 .binary_info.keep.__bi_ptr22
                0x00000000100056b0        0x4 CMakeFiles/Picopeater.dir/home/radu/Desktop/Picopeater/pico-sdk/src/rp2_common/pico_standard_link/binary_info.c.obj
 .binary_info.keep.__bi_ptr30
                0x00000000100056b4        0x4 CMakeFiles/Picopeater.dir/home/radu/Desktop/Picopeater/pico-sdk/src/rp2_common/pico_standard_link/binary_info.c.obj
 .binary_info.keep.__bi_ptr38
                0x00000000100056b8        0x4 CMakeFiles/Picopeater.dir/home/radu/Desktop/Picopeater/pico-sdk/src/rp2_common/pico_standard_link/binary_info.c.obj
 .binary_info.keep.__bi_ptr44
                0x00000000100056bc        0x4 CMakeFiles/Picopeater.dir/home/radu/Desktop/Picopeater/pico-sdk/src/rp2_common/pico_standard_link/binary_info.c.obj
 .binary_info.keep.__bi_ptr50
                0x00000000100056c0        0x4 CMakeFiles/Picopeater.dir/home/radu/Desktop/Picopeater/pico-sdk/src/rp2_common/pico_standard_link/binary_info.c.obj
 .binary_info.keep.__bi_ptr56
                0x00000000100056c4        0x4 CMakeFiles/Picopeater.dir/home/radu/Desktop/Picopeater/pico-sdk/src/rp2_common/pico_standard_link/binary_info.c.obj
 .binary_info.keep.__bi_ptr75
                0x00000000100056c8        0x4 CMakeFiles/Picopeater.dir/home/radu/Desktop/Picopeater/pico-sdk/src/rp2_common/pico_standard_link/binary_info.c.obj
 .binary_info.keep.__bi_ptr81
                0x00000000100056cc        0x4 CMakeFiles/Picopeater.dir/home/radu/Desktop/Picopeater/pico-sdk/src/rp2_common/pico_standard_link/binary_info.c.obj
 *(.binary_info.*)
 .binary_info.__bi_ptr33
                0x00000000100056d0        0x4 CMakeFiles/Picopeater.dir/home/radu/Desktop/Picopeater/pico-sdk/src/rp2_common/pico_stdio_uart/stdio_uart.c.obj
 .binary_info.__bi_ptr34
                0x00000000100056d4        0x4 CMakeFiles/Picopeater.dir/home/radu/Desktop/Picopeater/pico-sdk/src/rp2_common/pico_stdio_uart/stdio_uart.c.obj
                0x00000000100056d8                __binary_info_end = .

.rel.dyn        0x00000000100056d8        0x0
 .rel.iplt      0x00000000100056d8        0x0 /usr/lib/gcc/arm-none-eabi/9.2.1/thumb/v6-m/nofp/crtbegin.o
                0x00000000100056d8                . = ALIGN (0x4)

.ram_vector_table
                0x0000000020000000       0xc0
 *(.ram_vector_table)
 .ram_vector_table
                0x0000000020000000       0xc0 CMakeFiles/Picopeater.dir/home/radu/Desktop/Picopeater/pico-sdk/src/rp2_common/pico_runtime/runtime.c.obj
                0x0000000020000000                ram_vector_table

.data           0x00000000200000c0      0x244 load address 0x00000000100056d8
                0x00000000200000c0                __data_start__ = .
 *(vtable)
 *(.time_critical*)
 .time_critical.mutex_try_enter
                0x00000000200000c0       0x48 CMakeFiles/Picopeater.dir/home/radu/Desktop/Picopeater/pico-sdk/src/common/pico_sync/mutex.c.obj
                0x00000000200000c0                mutex_try_enter
 .time_critical.mutex_enter_block_until
                0x0000000020000108       0x88 CMakeFiles/Picopeater.dir/home/radu/Desktop/Picopeater/pico-sdk/src/common/pico_sync/mutex.c.obj
                0x0000000020000108                mutex_enter_block_until
 .time_critical.mutex_try_enter_block_until
                0x0000000020000190       0x34 CMakeFiles/Picopeater.dir/home/radu/Desktop/Picopeater/pico-sdk/src/common/pico_sync/mutex.c.obj
                0x0000000020000190                mutex_try_enter_block_until
 .time_critical.mutex_exit
                0x00000000200001c4       0x4c CMakeFiles/Picopeater.dir/home/radu/Desktop/Picopeater/pico-sdk/src/common/pico_sync/mutex.c.obj
                0x00000000200001c4                mutex_exit
 *(.text*)
 .text          0x0000000020000210        0x4 /usr/lib/gcc/arm-none-eabi/9.2.1/thumb/v6-m/nofp/libgcc.a(_dvmd_tls.o)
                0x0000000020000210                __aeabi_ldiv0
                0x0000000020000210                __aeabi_idiv0
 *fill*         0x0000000020000214        0x4 
 .text.__stub   0x0000000020000218       0x20 linker stubs
                0x0000000020000238                . = ALIGN (0x4)
 *(.rodata*)
                0x0000000020000238                . = ALIGN (0x4)
 *(.data*)
 .data.striped_spin_lock_num
                0x0000000020000238        0x1 CMakeFiles/Picopeater.dir/home/radu/Desktop/Picopeater/pico-sdk/src/rp2_common/hardware_sync/sync.c.obj
 *fill*         0x0000000020000239        0x3 
 .data          0x000000002000023c       0x48 CMakeFiles/Picopeater.dir/home/radu/Desktop/Picopeater/pico-sdk/src/rp2_common/hardware_irq/irq_handler_chain.S.obj
                0x000000002000023c                irq_handler_chain_slots
                0x000000002000026c                irq_handler_chain_first_slot
                0x0000000020000276                irq_handler_chain_remove_tail
 .data.default_alarm_pool
                0x0000000020000284       0x18 CMakeFiles/Picopeater.dir/home/radu/Desktop/Picopeater/pico-sdk/src/common/pico_time/time.c.obj
 .data.default_alarm_pool_heap
                0x000000002000029c       0x10 CMakeFiles/Picopeater.dir/home/radu/Desktop/Picopeater/pico-sdk/src/common/pico_time/time.c.obj
 *fill*         0x00000000200002ac        0x4 
 .data.aeabi_bits_funcs
                0x00000000200002b0       0x10 CMakeFiles/Picopeater.dir/home/radu/Desktop/Picopeater/pico-sdk/src/rp2_common/pico_bit_ops/bit_ops_aeabi.S.obj
                0x00000000200002b0                aeabi_bits_funcs
                0x00000000200002c0                aeabi_bits_funcs_end
 .data.aeabi_mem_funcs
                0x00000000200002c0       0x10 CMakeFiles/Picopeater.dir/home/radu/Desktop/Picopeater/pico-sdk/src/rp2_common/pico_mem_ops/mem_ops_aeabi.S.obj
                0x00000000200002c0                aeabi_mem_funcs
                0x00000000200002d0                aeabi_mem_funcs_end
 .data.stdio_uart
                0x00000000200002d0       0x18 CMakeFiles/Picopeater.dir/home/radu/Desktop/Picopeater/pico-sdk/src/rp2_common/pico_stdio_uart/stdio_uart.c.obj
                0x00000000200002d0                stdio_uart
                0x00000000200002e8                . = ALIGN (0x4)
 *(.after_data.*)
                0x00000000200002e8                . = ALIGN (0x4)
                0x00000000200002e8                PROVIDE (__mutex_array_start = .)
 *(SORT_BY_NAME(.mutex_array.*))
 *(.mutex_array)
 .mutex_array   0x00000000200002e8        0x8 CMakeFiles/Picopeater.dir/home/radu/Desktop/Picopeater/pico-sdk/src/rp2_common/pico_stdio/stdio.c.obj
                0x00000000200002f0                PROVIDE (__mutex_array_end = .)
                0x00000000200002f0                . = ALIGN (0x4)
                0x00000000200002f0                PROVIDE (__preinit_array_start = .)
 *(SORT_BY_NAME(.preinit_array.*))
 .preinit_array.00001
                0x00000000200002f0        0x4 CMakeFiles/Picopeater.dir/home/radu/Desktop/Picopeater/pico-sdk/src/rp2_common/pico_mem_ops/mem_ops_aeabi.S.obj
 .preinit_array.00010
                0x00000000200002f4        0x4 CMakeFiles/Picopeater.dir/home/radu/Desktop/Picopeater/pico-sdk/src/rp2_common/pico_bit_ops/bit_ops_aeabi.S.obj
 .preinit_array.00020
                0x00000000200002f8        0x4 CMakeFiles/Picopeater.dir/home/radu/Desktop/Picopeater/pico-sdk/src/rp2_common/pico_double/double_aeabi.S.obj
 .preinit_array.00020
                0x00000000200002fc        0x4 CMakeFiles/Picopeater.dir/home/radu/Desktop/Picopeater/pico-sdk/src/rp2_common/pico_float/float_aeabi.S.obj
 *(.preinit_array)
                0x0000000020000300                PROVIDE (__preinit_array_end = .)
                0x0000000020000300                . = ALIGN (0x4)
                0x0000000020000300                PROVIDE (__init_array_start = .)
 *(SORT_BY_NAME(.init_array.*))
 *(.init_array)
 .init_array    0x0000000020000300        0x4 /usr/lib/gcc/arm-none-eabi/9.2.1/thumb/v6-m/nofp/crtbegin.o
                0x0000000020000304                PROVIDE (__init_array_end = .)
                0x0000000020000304                . = ALIGN (0x4)
                0x0000000020000304                PROVIDE (__fini_array_start = .)
 *(SORT_BY_NAME(.fini_array.*))
 *(.fini_array)
                0x0000000020000304                PROVIDE (__fini_array_end = .)
 *(.jcr)
                0x0000000020000304                . = ALIGN (0x4)
                0x0000000020000304                __data_end__ = .
                0x00000000100056d8                __etext = LOADADDR (.data)

.tm_clone_table
                0x0000000020000304        0x0 load address 0x000000001000591c
 .tm_clone_table
                0x0000000020000304        0x0 /usr/lib/gcc/arm-none-eabi/9.2.1/thumb/v6-m/nofp/crtbegin.o
 .tm_clone_table
                0x0000000020000304        0x0 /usr/lib/gcc/arm-none-eabi/9.2.1/thumb/v6-m/nofp/crtend.o

.igot.plt       0x0000000020000304        0x0 load address 0x000000001000591c
 .igot.plt      0x0000000020000304        0x0 /usr/lib/gcc/arm-none-eabi/9.2.1/thumb/v6-m/nofp/crtbegin.o

.uninitialized_data
                0x0000000020000304        0x0 load address 0x000000001000591c
                0x0000000020000304                . = ALIGN (0x4)
 *(.uninitialized_data*)

.scratch_x      0x0000000020040000        0x0 load address 0x000000001000591c
                0x0000000020040000                __scratch_x_start__ = .
 *(.scratch_x.*)
                0x0000000020040000                . = ALIGN (0x4)
                0x0000000020040000                __scratch_x_end__ = .
                0x000000001000591c                __scratch_x_source__ = LOADADDR (.scratch_x)

.scratch_y      0x0000000020041000        0x0 load address 0x000000001000591c
                0x0000000020041000                __scratch_y_start__ = .
 *(.scratch_y.*)
                0x0000000020041000                . = ALIGN (0x4)
                0x0000000020041000                __scratch_y_end__ = .
                0x000000001000591c                __scratch_y_source__ = LOADADDR (.scratch_y)

.bss            0x0000000020000308      0x3d8
                0x0000000020000308                . = ALIGN (0x4)
                0x0000000020000308                __bss_start__ = .
 *(SORT_BY_ALIGNMENT(SORT_BY_NAME(.bss*)))
 .bss.default_alarm_pool_entries
                0x0000000020000308      0x100 CMakeFiles/Picopeater.dir/home/radu/Desktop/Picopeater/pico-sdk/src/common/pico_time/time.c.obj
 .bss           0x0000000020000408       0x1c /usr/lib/gcc/arm-none-eabi/9.2.1/thumb/v6-m/nofp/crtbegin.o
 .bss.alarm_callbacks
                0x0000000020000424       0x10 CMakeFiles/Picopeater.dir/home/radu/Desktop/Picopeater/pico-sdk/src/rp2_common/hardware_timer/timer.c.obj
 .bss.chars_available_callback
                0x0000000020000434        0x4 CMakeFiles/Picopeater.dir/home/radu/Desktop/Picopeater/pico-sdk/src/rp2_common/pico_stdio_uart/stdio_uart.c.obj
 .bss.chars_available_param
                0x0000000020000438        0x4 CMakeFiles/Picopeater.dir/home/radu/Desktop/Picopeater/pico-sdk/src/rp2_common/pico_stdio_uart/stdio_uart.c.obj
 .bss.configured_freq
                0x000000002000043c       0x28 CMakeFiles/Picopeater.dir/home/radu/Desktop/Picopeater/pico-sdk/src/rp2_common/hardware_clocks/clocks.c.obj
 .bss.default_alarm_pool_entry_ids_high
                0x0000000020000464       0x10 CMakeFiles/Picopeater.dir/home/radu/Desktop/Picopeater/pico-sdk/src/common/pico_time/time.c.obj
 .bss.default_alarm_pool_heap_nodes
                0x0000000020000474       0x30 CMakeFiles/Picopeater.dir/home/radu/Desktop/Picopeater/pico-sdk/src/common/pico_time/time.c.obj
 .bss.drivers   0x00000000200004a4        0x4 CMakeFiles/Picopeater.dir/home/radu/Desktop/Picopeater/pico-sdk/src/rp2_common/pico_stdio/stdio.c.obj
 .bss.filter    0x00000000200004a8        0x4 CMakeFiles/Picopeater.dir/home/radu/Desktop/Picopeater/pico-sdk/src/rp2_common/pico_stdio/stdio.c.obj
 .bss.pools     0x00000000200004ac       0x10 CMakeFiles/Picopeater.dir/home/radu/Desktop/Picopeater/pico-sdk/src/common/pico_time/time.c.obj
 .bss.sf_clz_func
                0x00000000200004bc        0x4 CMakeFiles/Picopeater.dir/home/radu/Desktop/Picopeater/pico-sdk/src/rp2_common/pico_double/double_init_rom.c.obj
                0x00000000200004bc                sf_clz_func
 .bss.sleep_notifier
                0x00000000200004c0        0x4 CMakeFiles/Picopeater.dir/home/radu/Desktop/Picopeater/pico-sdk/src/common/pico_time/time.c.obj
 .bss.target_hi
                0x00000000200004c4       0x10 CMakeFiles/Picopeater.dir/home/radu/Desktop/Picopeater/pico-sdk/src/rp2_common/hardware_timer/timer.c.obj
 .bss.uart_instance
                0x00000000200004d4        0x4 CMakeFiles/Picopeater.dir/home/radu/Desktop/Picopeater/pico-sdk/src/rp2_common/pico_stdio_uart/stdio_uart.c.obj
 .bss.a.6755    0x00000000200004d8        0x1 CMakeFiles/Picopeater.dir/Picopeater.c.obj
 .bss.claimed   0x00000000200004d9        0x1 CMakeFiles/Picopeater.dir/home/radu/Desktop/Picopeater/pico-sdk/src/rp2_common/hardware_timer/timer.c.obj
 .bss.irq_hander_chain_free_slot_head
                0x00000000200004da        0x1 CMakeFiles/Picopeater.dir/home/radu/Desktop/Picopeater/pico-sdk/src/rp2_common/hardware_irq/irq.c.obj
 .bss.timer_callbacks_pending
                0x00000000200004db        0x1 CMakeFiles/Picopeater.dir/home/radu/Desktop/Picopeater/pico-sdk/src/rp2_common/hardware_timer/timer.c.obj
 *(COMMON)
 COMMON         0x00000000200004dc        0x4 CMakeFiles/Picopeater.dir/home/radu/Desktop/Picopeater/pico-sdk/src/rp2_common/hardware_uart/uart.c.obj
                0x00000000200004dc                uart_char_to_line_feed
 COMMON         0x00000000200004e0      0x100 CMakeFiles/Picopeater.dir/home/radu/Desktop/Picopeater/pico-sdk/src/rp2_common/pico_double/double_init_rom.c.obj
                0x00000000200004e0                sd_table
 COMMON         0x00000000200005e0      0x100 CMakeFiles/Picopeater.dir/home/radu/Desktop/Picopeater/pico-sdk/src/rp2_common/pico_float/float_init_rom.c.obj
                0x00000000200005e0                sf_table
                0x00000000200006e0                . = ALIGN (0x4)
                0x00000000200006e0                __bss_end__ = .

.heap           0x00000000200006e0      0x800
                0x00000000200006e0                __end__ = .
                0x00000000200006e0                end = __end__
 *(.heap*)
 .heap          0x00000000200006e0      0x800 CMakeFiles/Picopeater.dir/home/radu/Desktop/Picopeater/pico-sdk/src/rp2_common/pico_standard_link/crt0.S.obj
                0x0000000020000ee0                __HeapLimit = .

.stack1_dummy   0x0000000020040000        0x0
 *(.stack1*)

.stack_dummy    0x0000000020041000      0x800
 *(.stack*)
 .stack         0x0000000020041000      0x800 CMakeFiles/Picopeater.dir/home/radu/Desktop/Picopeater/pico-sdk/src/rp2_common/pico_standard_link/crt0.S.obj

.flash_end      0x000000001000591c        0x0
                0x000000001000591c                PROVIDE (__flash_binary_end = .)
                0x0000000020040000                __StackLimit = (ORIGIN (RAM) + LENGTH (RAM))
                0x0000000020041000                __StackOneTop = (ORIGIN (SCRATCH_X) + LENGTH (SCRATCH_X))
                0x0000000020042000                __StackTop = (ORIGIN (SCRATCH_Y) + LENGTH (SCRATCH_Y))
                0x0000000020041000                __StackOneBottom = (__StackOneTop - SIZEOF (.stack1_dummy))
                0x0000000020041800                __StackBottom = (__StackTop - SIZEOF (.stack_dummy))
                0x0000000020042000                PROVIDE (__stack = __StackTop)
                0x0000000000000001                ASSERT ((__StackLimit >= __HeapLimit), region RAM overflowed)
                0x0000000000000001                ASSERT (((__binary_info_header_end - __logical_binary_start) <= 0x100), Binary info must be in first 256 bytes of the binary)
LOAD CMakeFiles/Picopeater.dir/Picopeater.c.obj
LOAD CMakeFiles/Picopeater.dir/home/radu/Desktop/Picopeater/pico-sdk/src/rp2_common/pico_stdlib/stdlib.c.obj
LOAD CMakeFiles/Picopeater.dir/home/radu/Desktop/Picopeater/pico-sdk/src/rp2_common/hardware_gpio/gpio.c.obj
LOAD CMakeFiles/Picopeater.dir/home/radu/Desktop/Picopeater/pico-sdk/src/rp2_common/pico_platform/platform.c.obj
LOAD CMakeFiles/Picopeater.dir/home/radu/Desktop/Picopeater/pico-sdk/src/rp2_common/hardware_claim/claim.c.obj
LOAD CMakeFiles/Picopeater.dir/home/radu/Desktop/Picopeater/pico-sdk/src/rp2_common/hardware_sync/sync.c.obj
LOAD CMakeFiles/Picopeater.dir/home/radu/Desktop/Picopeater/pico-sdk/src/rp2_common/hardware_irq/irq.c.obj
LOAD CMakeFiles/Picopeater.dir/home/radu/Desktop/Picopeater/pico-sdk/src/rp2_common/hardware_irq/irq_handler_chain.S.obj
LOAD CMakeFiles/Picopeater.dir/home/radu/Desktop/Picopeater/pico-sdk/src/common/pico_sync/sem.c.obj
LOAD CMakeFiles/Picopeater.dir/home/radu/Desktop/Picopeater/pico-sdk/src/common/pico_sync/lock_core.c.obj
LOAD CMakeFiles/Picopeater.dir/home/radu/Desktop/Picopeater/pico-sdk/src/common/pico_sync/mutex.c.obj
LOAD CMakeFiles/Picopeater.dir/home/radu/Desktop/Picopeater/pico-sdk/src/common/pico_sync/critical_section.c.obj
LOAD CMakeFiles/Picopeater.dir/home/radu/Desktop/Picopeater/pico-sdk/src/common/pico_time/time.c.obj
LOAD CMakeFiles/Picopeater.dir/home/radu/Desktop/Picopeater/pico-sdk/src/common/pico_time/timeout_helper.c.obj
LOAD CMakeFiles/Picopeater.dir/home/radu/Desktop/Picopeater/pico-sdk/src/rp2_common/hardware_timer/timer.c.obj
LOAD CMakeFiles/Picopeater.dir/home/radu/Desktop/Picopeater/pico-sdk/src/common/pico_util/datetime.c.obj
LOAD CMakeFiles/Picopeater.dir/home/radu/Desktop/Picopeater/pico-sdk/src/common/pico_util/pheap.c.obj
LOAD CMakeFiles/Picopeater.dir/home/radu/Desktop/Picopeater/pico-sdk/src/common/pico_util/queue.c.obj
LOAD CMakeFiles/Picopeater.dir/home/radu/Desktop/Picopeater/pico-sdk/src/rp2_common/hardware_uart/uart.c.obj
LOAD CMakeFiles/Picopeater.dir/home/radu/Desktop/Picopeater/pico-sdk/src/rp2_common/hardware_clocks/clocks.c.obj
LOAD CMakeFiles/Picopeater.dir/home/radu/Desktop/Picopeater/pico-sdk/src/rp2_common/hardware_pll/pll.c.obj
LOAD CMakeFiles/Picopeater.dir/home/radu/Desktop/Picopeater/pico-sdk/src/rp2_common/hardware_vreg/vreg.c.obj
LOAD CMakeFiles/Picopeater.dir/home/radu/Desktop/Picopeater/pico-sdk/src/rp2_common/hardware_watchdog/watchdog.c.obj
LOAD CMakeFiles/Picopeater.dir/home/radu/Desktop/Picopeater/pico-sdk/src/rp2_common/hardware_xosc/xosc.c.obj
LOAD CMakeFiles/Picopeater.dir/home/radu/Desktop/Picopeater/pico-sdk/src/rp2_common/hardware_divider/divider.S.obj
LOAD CMakeFiles/Picopeater.dir/home/radu/Desktop/Picopeater/pico-sdk/src/rp2_common/pico_runtime/runtime.c.obj
LOAD CMakeFiles/Picopeater.dir/home/radu/Desktop/Picopeater/pico-sdk/src/rp2_common/pico_printf/printf.c.obj
LOAD CMakeFiles/Picopeater.dir/home/radu/Desktop/Picopeater/pico-sdk/src/rp2_common/pico_bit_ops/bit_ops_aeabi.S.obj
LOAD CMakeFiles/Picopeater.dir/home/radu/Desktop/Picopeater/pico-sdk/src/rp2_common/pico_bootrom/bootrom.c.obj
LOAD CMakeFiles/Picopeater.dir/home/radu/Desktop/Picopeater/pico-sdk/src/rp2_common/pico_divider/divider.S.obj
LOAD CMakeFiles/Picopeater.dir/home/radu/Desktop/Picopeater/pico-sdk/src/rp2_common/pico_double/double_aeabi.S.obj
LOAD CMakeFiles/Picopeater.dir/home/radu/Desktop/Picopeater/pico-sdk/src/rp2_common/pico_double/double_init_rom.c.obj
LOAD CMakeFiles/Picopeater.dir/home/radu/Desktop/Picopeater/pico-sdk/src/rp2_common/pico_double/double_math.c.obj
LOAD CMakeFiles/Picopeater.dir/home/radu/Desktop/Picopeater/pico-sdk/src/rp2_common/pico_double/double_v1_rom_shim.S.obj
LOAD CMakeFiles/Picopeater.dir/home/radu/Desktop/Picopeater/pico-sdk/src/rp2_common/pico_int64_ops/pico_int64_ops_aeabi.S.obj
LOAD CMakeFiles/Picopeater.dir/home/radu/Desktop/Picopeater/pico-sdk/src/rp2_common/pico_float/float_aeabi.S.obj
LOAD CMakeFiles/Picopeater.dir/home/radu/Desktop/Picopeater/pico-sdk/src/rp2_common/pico_float/float_init_rom.c.obj
LOAD CMakeFiles/Picopeater.dir/home/radu/Desktop/Picopeater/pico-sdk/src/rp2_common/pico_float/float_math.c.obj
LOAD CMakeFiles/Picopeater.dir/home/radu/Desktop/Picopeater/pico-sdk/src/rp2_common/pico_float/float_v1_rom_shim.S.obj
LOAD CMakeFiles/Picopeater.dir/home/radu/Desktop/Picopeater/pico-sdk/src/rp2_common/pico_malloc/pico_malloc.c.obj
LOAD CMakeFiles/Picopeater.dir/home/radu/Desktop/Picopeater/pico-sdk/src/rp2_common/pico_mem_ops/mem_ops_aeabi.S.obj
LOAD CMakeFiles/Picopeater.dir/home/radu/Desktop/Picopeater/pico-sdk/src/rp2_common/pico_standard_link/crt0.S.obj
LOAD CMakeFiles/Picopeater.dir/home/radu/Desktop/Picopeater/pico-sdk/src/rp2_common/pico_standard_link/new_delete.cpp.obj
LOAD CMakeFiles/Picopeater.dir/home/radu/Desktop/Picopeater/pico-sdk/src/rp2_common/pico_standard_link/binary_info.c.obj
LOAD CMakeFiles/Picopeater.dir/home/radu/Desktop/Picopeater/pico-sdk/src/rp2_common/pico_stdio/stdio.c.obj
LOAD CMakeFiles/Picopeater.dir/home/radu/Desktop/Picopeater/pico-sdk/src/rp2_common/pico_stdio_uart/stdio_uart.c.obj
LOAD CMakeFiles/Picopeater.dir/home/radu/Desktop/Picopeater/pico-sdk/src/rp2_common/hardware_pio/pio.c.obj
LOAD /tmp/cci6eKKf.o
LOAD /usr/lib/gcc/arm-none-eabi/9.2.1/../../../arm-none-eabi/lib/thumb/v6-m/nofp/libstdc++.a
LOAD /usr/lib/gcc/arm-none-eabi/9.2.1/../../../arm-none-eabi/lib/thumb/v6-m/nofp/libm.a
START GROUP
LOAD /usr/lib/gcc/arm-none-eabi/9.2.1/thumb/v6-m/nofp/libgcc.a
LOAD /usr/lib/gcc/arm-none-eabi/9.2.1/../../../arm-none-eabi/lib/thumb/v6-m/nofp/libg.a
LOAD /usr/lib/gcc/arm-none-eabi/9.2.1/../../../arm-none-eabi/lib/thumb/v6-m/nofp/libc.a
END GROUP
START GROUP
LOAD /usr/lib/gcc/arm-none-eabi/9.2.1/thumb/v6-m/nofp/libgcc.a
LOAD /usr/lib/gcc/arm-none-eabi/9.2.1/../../../arm-none-eabi/lib/thumb/v6-m/nofp/libc.a
LOAD /usr/lib/gcc/arm-none-eabi/9.2.1/../../../arm-none-eabi/lib/thumb/v6-m/nofp/libnosys.a
END GROUP
LOAD /usr/lib/gcc/arm-none-eabi/9.2.1/thumb/v6-m/nofp/crtend.o
LOAD /usr/lib/gcc/arm-none-eabi/9.2.1/thumb/v6-m/nofp/crtn.o
OUTPUT(Picopeater.elf elf32-littlearm)
LOAD linker stubs

.ARM.attributes
                0x0000000000000000       0x28
 .ARM.attributes
                0x0000000000000000       0x1e /usr/lib/gcc/arm-none-eabi/9.2.1/thumb/v6-m/nofp/crti.o
 .ARM.attributes
                0x000000000000001e       0x2c /usr/lib/gcc/arm-none-eabi/9.2.1/thumb/v6-m/nofp/crtbegin.o
 .ARM.attributes
                0x000000000000004a       0x2c CMakeFiles/Picopeater.dir/Picopeater.c.obj
 .ARM.attributes
                0x0000000000000076       0x2c CMakeFiles/Picopeater.dir/home/radu/Desktop/Picopeater/pico-sdk/src/rp2_common/hardware_gpio/gpio.c.obj
 .ARM.attributes
                0x00000000000000a2       0x2c CMakeFiles/Picopeater.dir/home/radu/Desktop/Picopeater/pico-sdk/src/rp2_common/pico_platform/platform.c.obj
 .ARM.attributes
                0x00000000000000ce       0x2c CMakeFiles/Picopeater.dir/home/radu/Desktop/Picopeater/pico-sdk/src/rp2_common/hardware_claim/claim.c.obj
 .ARM.attributes
                0x00000000000000fa       0x2c CMakeFiles/Picopeater.dir/home/radu/Desktop/Picopeater/pico-sdk/src/rp2_common/hardware_sync/sync.c.obj
 .ARM.attributes
                0x0000000000000126       0x2c CMakeFiles/Picopeater.dir/home/radu/Desktop/Picopeater/pico-sdk/src/rp2_common/hardware_irq/irq.c.obj
 .ARM.attributes
                0x0000000000000152       0x22 CMakeFiles/Picopeater.dir/home/radu/Desktop/Picopeater/pico-sdk/src/rp2_common/hardware_irq/irq_handler_chain.S.obj
 .ARM.attributes
                0x0000000000000174       0x2c CMakeFiles/Picopeater.dir/home/radu/Desktop/Picopeater/pico-sdk/src/common/pico_sync/lock_core.c.obj
 .ARM.attributes
                0x00000000000001a0       0x2c CMakeFiles/Picopeater.dir/home/radu/Desktop/Picopeater/pico-sdk/src/common/pico_sync/mutex.c.obj
 .ARM.attributes
                0x00000000000001cc       0x2c CMakeFiles/Picopeater.dir/home/radu/Desktop/Picopeater/pico-sdk/src/common/pico_time/time.c.obj
 .ARM.attributes
                0x00000000000001f8       0x2c CMakeFiles/Picopeater.dir/home/radu/Desktop/Picopeater/pico-sdk/src/rp2_common/hardware_timer/timer.c.obj
 .ARM.attributes
                0x0000000000000224       0x2c CMakeFiles/Picopeater.dir/home/radu/Desktop/Picopeater/pico-sdk/src/common/pico_util/pheap.c.obj
 .ARM.attributes
                0x0000000000000250       0x2c CMakeFiles/Picopeater.dir/home/radu/Desktop/Picopeater/pico-sdk/src/rp2_common/hardware_uart/uart.c.obj
 .ARM.attributes
                0x000000000000027c       0x2c CMakeFiles/Picopeater.dir/home/radu/Desktop/Picopeater/pico-sdk/src/rp2_common/hardware_clocks/clocks.c.obj
 .ARM.attributes
                0x00000000000002a8       0x2c CMakeFiles/Picopeater.dir/home/radu/Desktop/Picopeater/pico-sdk/src/rp2_common/hardware_pll/pll.c.obj
 .ARM.attributes
                0x00000000000002d4       0x2c CMakeFiles/Picopeater.dir/home/radu/Desktop/Picopeater/pico-sdk/src/rp2_common/hardware_watchdog/watchdog.c.obj
 .ARM.attributes
                0x0000000000000300       0x2c CMakeFiles/Picopeater.dir/home/radu/Desktop/Picopeater/pico-sdk/src/rp2_common/hardware_xosc/xosc.c.obj
 .ARM.attributes
                0x000000000000032c       0x2c CMakeFiles/Picopeater.dir/home/radu/Desktop/Picopeater/pico-sdk/src/rp2_common/pico_runtime/runtime.c.obj
 .ARM.attributes
                0x0000000000000358       0x2c CMakeFiles/Picopeater.dir/home/radu/Desktop/Picopeater/pico-sdk/src/rp2_common/pico_printf/printf.c.obj
 .ARM.attributes
                0x0000000000000384       0x22 CMakeFiles/Picopeater.dir/home/radu/Desktop/Picopeater/pico-sdk/src/rp2_common/pico_bit_ops/bit_ops_aeabi.S.obj
 .ARM.attributes
                0x00000000000003a6       0x2c CMakeFiles/Picopeater.dir/home/radu/Desktop/Picopeater/pico-sdk/src/rp2_common/pico_bootrom/bootrom.c.obj
 .ARM.attributes
                0x00000000000003d2       0x22 CMakeFiles/Picopeater.dir/home/radu/Desktop/Picopeater/pico-sdk/src/rp2_common/pico_divider/divider.S.obj
 .ARM.attributes
                0x00000000000003f4       0x22 CMakeFiles/Picopeater.dir/home/radu/Desktop/Picopeater/pico-sdk/src/rp2_common/pico_double/double_aeabi.S.obj
 .ARM.attributes
                0x0000000000000416       0x2c CMakeFiles/Picopeater.dir/home/radu/Desktop/Picopeater/pico-sdk/src/rp2_common/pico_double/double_init_rom.c.obj
 .ARM.attributes
                0x0000000000000442       0x22 CMakeFiles/Picopeater.dir/home/radu/Desktop/Picopeater/pico-sdk/src/rp2_common/pico_double/double_v1_rom_shim.S.obj
 .ARM.attributes
                0x0000000000000464       0x22 CMakeFiles/Picopeater.dir/home/radu/Desktop/Picopeater/pico-sdk/src/rp2_common/pico_int64_ops/pico_int64_ops_aeabi.S.obj
 .ARM.attributes
                0x0000000000000486       0x22 CMakeFiles/Picopeater.dir/home/radu/Desktop/Picopeater/pico-sdk/src/rp2_common/pico_float/float_aeabi.S.obj
 .ARM.attributes
                0x00000000000004a8       0x2c CMakeFiles/Picopeater.dir/home/radu/Desktop/Picopeater/pico-sdk/src/rp2_common/pico_float/float_init_rom.c.obj
 .ARM.attributes
                0x00000000000004d4       0x22 CMakeFiles/Picopeater.dir/home/radu/Desktop/Picopeater/pico-sdk/src/rp2_common/pico_float/float_v1_rom_shim.S.obj
 .ARM.attributes
                0x00000000000004f6       0x22 CMakeFiles/Picopeater.dir/home/radu/Desktop/Picopeater/pico-sdk/src/rp2_common/pico_mem_ops/mem_ops_aeabi.S.obj
 .ARM.attributes
                0x0000000000000518       0x22 CMakeFiles/Picopeater.dir/home/radu/Desktop/Picopeater/pico-sdk/src/rp2_common/pico_standard_link/crt0.S.obj
 .ARM.attributes
                0x000000000000053a       0x32 CMakeFiles/Picopeater.dir/home/radu/Desktop/Picopeater/pico-sdk/src/rp2_common/pico_standard_link/binary_info.c.obj
 .ARM.attributes
                0x000000000000056c       0x2c CMakeFiles/Picopeater.dir/home/radu/Desktop/Picopeater/pico-sdk/src/rp2_common/pico_stdio/stdio.c.obj
 .ARM.attributes
                0x0000000000000598       0x2c CMakeFiles/Picopeater.dir/home/radu/Desktop/Picopeater/pico-sdk/src/rp2_common/pico_stdio_uart/stdio_uart.c.obj
 .ARM.attributes
                0x00000000000005c4       0x22 /tmp/cci6eKKf.o
 .ARM.attributes
                0x00000000000005e6       0x1e /usr/lib/gcc/arm-none-eabi/9.2.1/thumb/v6-m/nofp/libgcc.a(_dvmd_tls.o)
 .ARM.attributes
                0x0000000000000604       0x2c /usr/lib/gcc/arm-none-eabi/9.2.1/../../../arm-none-eabi/lib/thumb/v6-m/nofp/libg.a(lib_a-strlen-stub.o)
 .ARM.attributes
                0x0000000000000630       0x2c /usr/lib/gcc/arm-none-eabi/9.2.1/thumb/v6-m/nofp/crtend.o

.comment        0x0000000000000000       0xa7
 .comment       0x0000000000000000       0x59 /usr/lib/gcc/arm-none-eabi/9.2.1/thumb/v6-m/nofp/crtbegin.o
                                         0x5a (size before relaxing)
 .comment       0x0000000000000059       0x5a CMakeFiles/Picopeater.dir/Picopeater.c.obj
 .comment       0x0000000000000059       0x5a CMakeFiles/Picopeater.dir/home/radu/Desktop/Picopeater/pico-sdk/src/rp2_common/hardware_gpio/gpio.c.obj
 .comment       0x0000000000000059       0x5a CMakeFiles/Picopeater.dir/home/radu/Desktop/Picopeater/pico-sdk/src/rp2_common/pico_platform/platform.c.obj
 .comment       0x0000000000000059       0x5a CMakeFiles/Picopeater.dir/home/radu/Desktop/Picopeater/pico-sdk/src/rp2_common/hardware_claim/claim.c.obj
 .comment       0x0000000000000059       0x5a CMakeFiles/Picopeater.dir/home/radu/Desktop/Picopeater/pico-sdk/src/rp2_common/hardware_sync/sync.c.obj
 .comment       0x0000000000000059       0x5a CMakeFiles/Picopeater.dir/home/radu/Desktop/Picopeater/pico-sdk/src/rp2_common/hardware_irq/irq.c.obj
 .comment       0x0000000000000059       0x5a CMakeFiles/Picopeater.dir/home/radu/Desktop/Picopeater/pico-sdk/src/common/pico_sync/lock_core.c.obj
 .comment       0x0000000000000059       0x5a CMakeFiles/Picopeater.dir/home/radu/Desktop/Picopeater/pico-sdk/src/common/pico_sync/mutex.c.obj
 .comment       0x0000000000000059       0x5a CMakeFiles/Picopeater.dir/home/radu/Desktop/Picopeater/pico-sdk/src/common/pico_time/time.c.obj
 .comment       0x0000000000000059       0x5a CMakeFiles/Picopeater.dir/home/radu/Desktop/Picopeater/pico-sdk/src/rp2_common/hardware_timer/timer.c.obj
 .comment       0x0000000000000059       0x5a CMakeFiles/Picopeater.dir/home/radu/Desktop/Picopeater/pico-sdk/src/common/pico_util/pheap.c.obj
 .comment       0x0000000000000059       0x5a CMakeFiles/Picopeater.dir/home/radu/Desktop/Picopeater/pico-sdk/src/rp2_common/hardware_uart/uart.c.obj
 .comment       0x0000000000000059       0x5a CMakeFiles/Picopeater.dir/home/radu/Desktop/Picopeater/pico-sdk/src/rp2_common/hardware_clocks/clocks.c.obj
 .comment       0x0000000000000059       0x5a CMakeFiles/Picopeater.dir/home/radu/Desktop/Picopeater/pico-sdk/src/rp2_common/hardware_pll/pll.c.obj
 .comment       0x0000000000000059       0x5a CMakeFiles/Picopeater.dir/home/radu/Desktop/Picopeater/pico-sdk/src/rp2_common/hardware_watchdog/watchdog.c.obj
 .comment       0x0000000000000059       0x5a CMakeFiles/Picopeater.dir/home/radu/Desktop/Picopeater/pico-sdk/src/rp2_common/hardware_xosc/xosc.c.obj
 .comment       0x0000000000000059       0x5a CMakeFiles/Picopeater.dir/home/radu/Desktop/Picopeater/pico-sdk/src/rp2_common/pico_runtime/runtime.c.obj
 .comment       0x0000000000000059       0x5a CMakeFiles/Picopeater.dir/home/radu/Desktop/Picopeater/pico-sdk/src/rp2_common/pico_printf/printf.c.obj
 .comment       0x0000000000000059       0x5a CMakeFiles/Picopeater.dir/home/radu/Desktop/Picopeater/pico-sdk/src/rp2_common/pico_bootrom/bootrom.c.obj
 .comment       0x0000000000000059       0x5a CMakeFiles/Picopeater.dir/home/radu/Desktop/Picopeater/pico-sdk/src/rp2_common/pico_double/double_init_rom.c.obj
 .comment       0x0000000000000059       0x5a CMakeFiles/Picopeater.dir/home/radu/Desktop/Picopeater/pico-sdk/src/rp2_common/pico_float/float_init_rom.c.obj
 .comment       0x0000000000000059       0x5a CMakeFiles/Picopeater.dir/home/radu/Desktop/Picopeater/pico-sdk/src/rp2_common/pico_standard_link/binary_info.c.obj
 .comment       0x0000000000000059       0x5a CMakeFiles/Picopeater.dir/home/radu/Desktop/Picopeater/pico-sdk/src/rp2_common/pico_stdio/stdio.c.obj
 .comment       0x0000000000000059       0x5a CMakeFiles/Picopeater.dir/home/radu/Desktop/Picopeater/pico-sdk/src/rp2_common/pico_stdio_uart/stdio_uart.c.obj
 .comment       0x0000000000000059       0x4e /usr/lib/gcc/arm-none-eabi/9.2.1/../../../arm-none-eabi/lib/thumb/v6-m/nofp/libg.a(lib_a-strlen-stub.o)
                                         0x4f (size before relaxing)
 .comment       0x00000000000000a7       0x5a /usr/lib/gcc/arm-none-eabi/9.2.1/thumb/v6-m/nofp/crtend.o

.debug_info     0x0000000000000000    0x1b39f
 .debug_info    0x0000000000000000     0x15ae CMakeFiles/Picopeater.dir/Picopeater.c.obj
 .debug_info    0x00000000000015ae     0x185a CMakeFiles/Picopeater.dir/home/radu/Desktop/Picopeater/pico-sdk/src/rp2_common/hardware_gpio/gpio.c.obj
 .debug_info    0x0000000000002e08      0x1cb CMakeFiles/Picopeater.dir/home/radu/Desktop/Picopeater/pico-sdk/src/rp2_common/pico_platform/platform.c.obj
 .debug_info    0x0000000000002fd3      0x6a6 CMakeFiles/Picopeater.dir/home/radu/Desktop/Picopeater/pico-sdk/src/rp2_common/hardware_claim/claim.c.obj
 .debug_info    0x0000000000003679      0x576 CMakeFiles/Picopeater.dir/home/radu/Desktop/Picopeater/pico-sdk/src/rp2_common/hardware_sync/sync.c.obj
 .debug_info    0x0000000000003bef     0x1c90 CMakeFiles/Picopeater.dir/home/radu/Desktop/Picopeater/pico-sdk/src/rp2_common/hardware_irq/irq.c.obj
 .debug_info    0x000000000000587f       0x26 CMakeFiles/Picopeater.dir/home/radu/Desktop/Picopeater/pico-sdk/src/rp2_common/hardware_irq/irq_handler_chain.S.obj
 .debug_info    0x00000000000058a5      0x1e4 CMakeFiles/Picopeater.dir/home/radu/Desktop/Picopeater/pico-sdk/src/common/pico_sync/lock_core.c.obj
 .debug_info    0x0000000000005a89     0x2092 CMakeFiles/Picopeater.dir/home/radu/Desktop/Picopeater/pico-sdk/src/common/pico_sync/mutex.c.obj
 .debug_info    0x0000000000007b1b     0x488b CMakeFiles/Picopeater.dir/home/radu/Desktop/Picopeater/pico-sdk/src/common/pico_time/time.c.obj
 .debug_info    0x000000000000c3a6     0x13a2 CMakeFiles/Picopeater.dir/home/radu/Desktop/Picopeater/pico-sdk/src/rp2_common/hardware_timer/timer.c.obj
 .debug_info    0x000000000000d748     0x1ad4 CMakeFiles/Picopeater.dir/home/radu/Desktop/Picopeater/pico-sdk/src/common/pico_util/pheap.c.obj
 .debug_info    0x000000000000f21c      0xd89 CMakeFiles/Picopeater.dir/home/radu/Desktop/Picopeater/pico-sdk/src/rp2_common/hardware_uart/uart.c.obj
 .debug_info    0x000000000000ffa5      0xf61 CMakeFiles/Picopeater.dir/home/radu/Desktop/Picopeater/pico-sdk/src/rp2_common/hardware_clocks/clocks.c.obj
 .debug_info    0x0000000000010f06      0x4e8 CMakeFiles/Picopeater.dir/home/radu/Desktop/Picopeater/pico-sdk/src/rp2_common/hardware_pll/pll.c.obj
 .debug_info    0x00000000000113ee      0xd7e CMakeFiles/Picopeater.dir/home/radu/Desktop/Picopeater/pico-sdk/src/rp2_common/hardware_watchdog/watchdog.c.obj
 .debug_info    0x000000000001216c      0x1c0 CMakeFiles/Picopeater.dir/home/radu/Desktop/Picopeater/pico-sdk/src/rp2_common/hardware_xosc/xosc.c.obj
 .debug_info    0x000000000001232c     0x1933 CMakeFiles/Picopeater.dir/home/radu/Desktop/Picopeater/pico-sdk/src/rp2_common/pico_runtime/runtime.c.obj
 .debug_info    0x0000000000013c5f     0x1fbf CMakeFiles/Picopeater.dir/home/radu/Desktop/Picopeater/pico-sdk/src/rp2_common/pico_printf/printf.c.obj
 .debug_info    0x0000000000015c1e       0x22 CMakeFiles/Picopeater.dir/home/radu/Desktop/Picopeater/pico-sdk/src/rp2_common/pico_bit_ops/bit_ops_aeabi.S.obj
 .debug_info    0x0000000000015c40      0x258 CMakeFiles/Picopeater.dir/home/radu/Desktop/Picopeater/pico-sdk/src/rp2_common/pico_bootrom/bootrom.c.obj
 .debug_info    0x0000000000015e98       0x22 CMakeFiles/Picopeater.dir/home/radu/Desktop/Picopeater/pico-sdk/src/rp2_common/pico_divider/divider.S.obj
 .debug_info    0x0000000000015eba       0x22 CMakeFiles/Picopeater.dir/home/radu/Desktop/Picopeater/pico-sdk/src/rp2_common/pico_double/double_aeabi.S.obj
 .debug_info    0x0000000000015edc      0xb2a CMakeFiles/Picopeater.dir/home/radu/Desktop/Picopeater/pico-sdk/src/rp2_common/pico_double/double_init_rom.c.obj
 .debug_info    0x0000000000016a06       0x22 CMakeFiles/Picopeater.dir/home/radu/Desktop/Picopeater/pico-sdk/src/rp2_common/pico_double/double_v1_rom_shim.S.obj
 .debug_info    0x0000000000016a28       0x26 CMakeFiles/Picopeater.dir/home/radu/Desktop/Picopeater/pico-sdk/src/rp2_common/pico_int64_ops/pico_int64_ops_aeabi.S.obj
 .debug_info    0x0000000000016a4e       0x22 CMakeFiles/Picopeater.dir/home/radu/Desktop/Picopeater/pico-sdk/src/rp2_common/pico_float/float_aeabi.S.obj
 .debug_info    0x0000000000016a70      0xb44 CMakeFiles/Picopeater.dir/home/radu/Desktop/Picopeater/pico-sdk/src/rp2_common/pico_float/float_init_rom.c.obj
 .debug_info    0x00000000000175b4       0x22 CMakeFiles/Picopeater.dir/home/radu/Desktop/Picopeater/pico-sdk/src/rp2_common/pico_float/float_v1_rom_shim.S.obj
 .debug_info    0x00000000000175d6       0x22 CMakeFiles/Picopeater.dir/home/radu/Desktop/Picopeater/pico-sdk/src/rp2_common/pico_mem_ops/mem_ops_aeabi.S.obj
 .debug_info    0x00000000000175f8       0x22 CMakeFiles/Picopeater.dir/home/radu/Desktop/Picopeater/pico-sdk/src/rp2_common/pico_standard_link/crt0.S.obj
 .debug_info    0x000000000001761a      0x2fc CMakeFiles/Picopeater.dir/home/radu/Desktop/Picopeater/pico-sdk/src/rp2_common/pico_standard_link/binary_info.c.obj
 .debug_info    0x0000000000017916     0x20dd CMakeFiles/Picopeater.dir/home/radu/Desktop/Picopeater/pico-sdk/src/rp2_common/pico_stdio/stdio.c.obj
 .debug_info    0x00000000000199f3     0x1013 CMakeFiles/Picopeater.dir/home/radu/Desktop/Picopeater/pico-sdk/src/rp2_common/pico_stdio_uart/stdio_uart.c.obj
 .debug_info    0x000000000001aa06       0x26 /usr/lib/gcc/arm-none-eabi/9.2.1/thumb/v6-m/nofp/libgcc.a(_dvmd_tls.o)
 .debug_info    0x000000000001aa2c      0x973 /usr/lib/gcc/arm-none-eabi/9.2.1/../../../arm-none-eabi/lib/thumb/v6-m/nofp/libg.a(lib_a-strlen-stub.o)

.debug_abbrev   0x0000000000000000     0x504e
 .debug_abbrev  0x0000000000000000      0x442 CMakeFiles/Picopeater.dir/Picopeater.c.obj
 .debug_abbrev  0x0000000000000442      0x379 CMakeFiles/Picopeater.dir/home/radu/Desktop/Picopeater/pico-sdk/src/rp2_common/hardware_gpio/gpio.c.obj
 .debug_abbrev  0x00000000000007bb       0xeb CMakeFiles/Picopeater.dir/home/radu/Desktop/Picopeater/pico-sdk/src/rp2_common/pico_platform/platform.c.obj
 .debug_abbrev  0x00000000000008a6      0x2e9 CMakeFiles/Picopeater.dir/home/radu/Desktop/Picopeater/pico-sdk/src/rp2_common/hardware_claim/claim.c.obj
 .debug_abbrev  0x0000000000000b8f      0x21b CMakeFiles/Picopeater.dir/home/radu/Desktop/Picopeater/pico-sdk/src/rp2_common/hardware_sync/sync.c.obj
 .debug_abbrev  0x0000000000000daa      0x4f6 CMakeFiles/Picopeater.dir/home/radu/Desktop/Picopeater/pico-sdk/src/rp2_common/hardware_irq/irq.c.obj
 .debug_abbrev  0x00000000000012a0       0x14 CMakeFiles/Picopeater.dir/home/radu/Desktop/Picopeater/pico-sdk/src/rp2_common/hardware_irq/irq_handler_chain.S.obj
 .debug_abbrev  0x00000000000012b4      0x138 CMakeFiles/Picopeater.dir/home/radu/Desktop/Picopeater/pico-sdk/src/common/pico_sync/lock_core.c.obj
 .debug_abbrev  0x00000000000013ec      0x3bb CMakeFiles/Picopeater.dir/home/radu/Desktop/Picopeater/pico-sdk/src/common/pico_sync/mutex.c.obj
 .debug_abbrev  0x00000000000017a7      0x64c CMakeFiles/Picopeater.dir/home/radu/Desktop/Picopeater/pico-sdk/src/common/pico_time/time.c.obj
 .debug_abbrev  0x0000000000001df3      0x3c7 CMakeFiles/Picopeater.dir/home/radu/Desktop/Picopeater/pico-sdk/src/rp2_common/hardware_timer/timer.c.obj
 .debug_abbrev  0x00000000000021ba      0x3ad CMakeFiles/Picopeater.dir/home/radu/Desktop/Picopeater/pico-sdk/src/common/pico_util/pheap.c.obj
 .debug_abbrev  0x0000000000002567      0x32d CMakeFiles/Picopeater.dir/home/radu/Desktop/Picopeater/pico-sdk/src/rp2_common/hardware_uart/uart.c.obj